isTileImage : 0
x : 25, y : 18
1 ,0, 2, 7, imageframe : -1, -1, -1, 8, 0, 0, -1, -1, -1
1 ,0, 2, 7, imageframe : -1, -1, -1, 8, 0, 0, -1, -1, -1
1 ,0, 2, 7, imageframe : -1, -1, -1, 8, 0, 0, -1, -1, -1
1 ,0, 2, 7, imageframe : -1, -1, -1, 8, 0, 0, -1, -1, -1
1 ,0, 2, 7, imageframe : -1, -1, -1, 8, 0, 0, -1, -1, -1
1 ,0, 2, 7, imageframe : -1, -1, -1, 8, 0, 0, -1, -1, -1
1 ,0, 2, 7, imageframe : -1, -1, -1, 8, 0, 0, -1, -1, -1
1 ,0, 2, 7, imageframe : -1, -1, -1, 8, 0, 0, -1, -1, -1
1 ,0, 2, 7, imageframe : -1, -1, -1, 8, 0, 0, -1, -1, -1
1 ,0, 2, 7, imageframe : -1, -1, -1, 8, 0, 0, -1, -1, -1
1 ,0, 2, 7, imageframe : -1, -1, -1, 8, 0, 0, -1, -1, -1
1 ,0, 2, 7, imageframe : -1, -1, -1, 8, 0, 0, -1, -1, -1
1 ,0, 2, 7, imageframe : -1, -1, -1, 8, 0, 0, -1, -1, -1
1 ,0, 2, 7, imageframe : -1, -1, -1, 8, 0, 0, -1, -1, -1
1 ,0, 2, 7, imageframe : -1, -1, -1, 8, 0, 0, -1, -1, -1
1 ,0, 2, 7, imageframe : -1, -1, -1, 8, 0, 0, -1, -1, -1
1 ,0, 2, 7, imageframe : -1, -1, -1, 8, 0, 0, -1, -1, -1
1 ,0, 2, 7, imageframe : -1, -1, -1, 8, 0, 0, -1, -1, -1
1 ,0, 2, 7, imageframe : -1, -1, -1, 8, 0, 0, -1, -1, -1
1 ,0, 3, 7, imageframe : 8, 0, 0, -1, -1, -1, -1, -1, -1
1 ,0, 2, 7, imageframe : -1, -1, -1, 8, 0, 2, -1, -1, -1
1 ,0, 2, 7, imageframe : 9, 5, 10, -1, -1, -1, -1, -1, -1
1 ,0, 2, 7, imageframe : 9, 5, 10, -1, -1, -1, -1, -1, -1
1 ,0, 2, 7, imageframe : -1, -1, -1, 8, 4, 2, -1, -1, -1
1 ,0, 2, 7, imageframe : -1, -1, -1, 8, 0, 0, -1, -1, -1
1 ,0, 2, 7, imageframe : -1, -1, -1, 8, 0, 0, -1, -1, -1
1 ,0, 2, 7, imageframe : -1, -1, -1, 8, 0, 0, -1, -1, -1
1 ,0, 2, 7, imageframe : -1, -1, -1, 8, 0, 0, -1, -1, -1
1 ,0, 2, 7, imageframe : -1, -1, -1, 8, 0, 0, -1, -1, -1
1 ,0, 2, 7, imageframe : -1, -1, -1, 8, 0, 0, -1, -1, -1
1 ,0, 2, 7, imageframe : -1, -1, -1, 8, 0, 0, -1, -1, -1
1 ,0, 2, 7, imageframe : -1, -1, -1, 8, 0, 0, -1, -1, -1
1 ,0, 2, 7, imageframe : -1, -1, -1, 8, 0, 0, -1, -1, -1
1 ,0, 2, 7, imageframe : -1, -1, -1, 8, 0, 0, -1, -1, -1
1 ,0, 2, 7, imageframe : -1, -1, -1, 8, 0, 0, -1, -1, -1
1 ,0, 2, 7, imageframe : -1, -1, -1, 8, 0, 0, -1, -1, -1
1 ,0, 2, 7, imageframe : -1, -1, -1, 8, 0, 0, -1, -1, -1
1 ,0, 2, 7, imageframe : -1, -1, -1, 8, 0, 0, -1, -1, -1
1 ,0, 2, 7, imageframe : -1, -1, -1, 8, 0, 0, -1, -1, -1
1 ,0, 2, 7, imageframe : -1, -1, -1, 8, 0, 0, -1, -1, -1
1 ,0, 2, 7, imageframe : -1, -1, -1, 8, 0, 0, -1, -1, -1
1 ,0, 2, 7, imageframe : -1, -1, -1, 8, 0, 0, -1, -1, -1
1 ,0, 2, 7, imageframe : -1, -1, -1, 8, 0, 0, -1, -1, -1
1 ,0, 2, 7, imageframe : -1, -1, -1, 8, 0, 0, -1, -1, -1
1 ,0, 2, 7, imageframe : 8, 0, 0, -1, -1, -1, -1, -1, -1
1 ,0, 3, 7, imageframe : -1, -1, -1, 8, 0, 2, -1, -1, -1
1 ,0, 2, 3, imageframe : 9, 5, 11, -1, -1, -1, -1, -1, -1
1 ,0, 2, 3, imageframe : 9, 5, 11, -1, -1, -1, -1, -1, -1
1 ,0, 2, 7, imageframe : -1, -1, -1, 8, 4, 2, -1, -1, -1
1 ,0, 2, 7, imageframe : -1, -1, -1, 8, 0, 0, -1, -1, -1
1 ,0, 2, 7, imageframe : -1, -1, -1, 8, 0, 0, -1, -1, -1
1 ,0, 2, 7, imageframe : -1, -1, -1, 8, 0, 0, -1, -1, -1
1 ,0, 2, 7, imageframe : -1, -1, -1, 8, 1, 0, -1, -1, -1
1 ,0, 2, 7, imageframe : -1, -1, -1, 8, 2, 0, -1, -1, -1
1 ,0, 2, 7, imageframe : -1, -1, -1, 8, 2, 0, -1, -1, -1
1 ,0, 2, 7, imageframe : -1, -1, -1, 8, 2, 0, -1, -1, -1
1 ,0, 2, 7, imageframe : -1, -1, -1, 8, 2, 0, -1, -1, -1
1 ,0, 2, 7, imageframe : -1, -1, -1, 8, 2, 0, -1, -1, -1
1 ,0, 2, 7, imageframe : -1, -1, -1, 8, 2, 0, -1, -1, -1
1 ,0, 2, 7, imageframe : -1, -1, -1, 8, 3, 0, -1, -1, -1
1 ,0, 2, 7, imageframe : -1, -1, -1, 8, 0, 0, -1, -1, -1
1 ,0, 2, 7, imageframe : -1, -1, -1, 8, 0, 0, -1, -1, -1
1 ,0, 2, 7, imageframe : -1, -1, -1, 8, 1, 0, -1, -1, -1
1 ,0, 2, 7, imageframe : -1, -1, -1, 8, 2, 0, -1, -1, -1
1 ,0, 2, 7, imageframe : -1, -1, -1, 8, 2, 0, -1, -1, -1
1 ,0, 2, 7, imageframe : -1, -1, -1, 8, 2, 0, -1, -1, -1
1 ,0, 2, 7, imageframe : -1, -1, -1, 8, 2, 0, -1, -1, -1
1 ,0, 2, 7, imageframe : -1, -1, -1, 8, 2, 0, -1, -1, -1
1 ,0, 3, 7, imageframe : -1, -1, -1, -1, -1, -1, 8, 2, 0
1 ,0, 3, 7, imageframe : -1, -1, -1, 8, 2, 0, -1, -1, -1
1 ,0, 3, 7, imageframe : 9, 0, 10, 9, 0, 6, -1, -1, -1
1 ,0, 2, 3, imageframe : 9, 5, 10, -1, -1, -1, -1, -1, -1
1 ,0, 2, 3, imageframe : 9, 5, 10, -1, -1, -1, -1, -1, -1
1 ,0, 2, 7, imageframe : -1, -1, -1, 8, 4, 2, -1, -1, -1
1 ,0, 2, 7, imageframe : -1, -1, -1, 8, 0, 0, -1, -1, -1
1 ,0, 2, 7, imageframe : -1, -1, -1, 8, 0, 0, -1, -1, -1
1 ,0, 2, 7, imageframe : -1, -1, -1, 8, 0, 1, -1, -1, -1
1 ,0, 3, 7, imageframe : 9, 0, 10, 9, 0, 6, -1, -1, -1
1 ,0, 2, 7, imageframe : -1, -1, -1, 9, 1, 10, -1, -1, -1
1 ,0, 2, 7, imageframe : -1, -1, -1, 9, 1, 10, -1, -1, -1
1 ,0, 2, 7, imageframe : -1, -1, -1, 9, 1, 10, -1, -1, -1
1 ,0, 2, 7, imageframe : -1, -1, -1, 9, 1, 10, -1, -1, -1
1 ,0, 2, 7, imageframe : -1, -1, -1, 9, 1, 10, -1, -1, -1
1 ,0, 2, 7, imageframe : -1, -1, -1, 9, 1, 10, -1, -1, -1
1 ,0, 3, 7, imageframe : 9, 2, 10, 9, 2, 6, 9, 2, 6
1 ,0, 2, 7, imageframe : -1, -1, -1, 8, 4, 1, -1, -1, -1
1 ,0, 2, 7, imageframe : -1, -1, -1, 8, 0, 1, -1, -1, -1
1 ,0, 3, 7, imageframe : 9, 0, 10, 9, 0, 6, 9, 0, 6
1 ,0, 2, 7, imageframe : -1, -1, -1, 9, 1, 10, -1, -1, -1
1 ,0, 2, 7, imageframe : -1, -1, -1, 9, 1, 10, -1, -1, -1
1 ,0, 2, 7, imageframe : -1, -1, -1, 9, 1, 10, -1, -1, -1
1 ,0, 2, 7, imageframe : -1, -1, -1, 9, 1, 10, -1, -1, -1
1 ,0, 2, 7, imageframe : -1, -1, -1, 9, 1, 10, -1, -1, -1
1 ,0, 2, 7, imageframe : -1, -1, -1, 9, 1, 10, -1, -1, -1
1 ,0, 2, 7, imageframe : -1, -1, -1, 9, 1, 10, -1, -1, -1
1 ,0, 2, 7, imageframe : 9, 0, 10, 9, 0, 7, -1, -1, -1
1 ,0, 1, 3, imageframe : 9, 5, 11, -1, -1, -1, -1, -1, -1
1 ,0, 1, 3, imageframe : 9, 5, 11, -1, -1, -1, -1, -1, -1
1 ,0, 2, 7, imageframe : 9, 2, 10, 9, 2, 6, -1, -1, -1
1 ,0, 2, 7, imageframe : 8, 4, 1, 8, 4, 1, -1, -1, -1
1 ,0, 2, 7, imageframe : -1, -1, -1, 8, 0, 0, -1, -1, -1
1 ,0, 2, 7, imageframe : -1, -1, -1, 8, 0, 2, -1, -1, -1
1 ,0, 3, 3, imageframe : 9, 0, 10, 9, 0, 7, -1, -1, -1
1 ,0, 2, 3, imageframe : 9, 1, 10, 9, 1, 7, -1, -1, -1
1 ,0, 2, 3, imageframe : 9, 1, 10, 9, 1, 7, -1, -1, -1
1 ,0, 2, 3, imageframe : 9, 1, 10, 9, 1, 7, -1, -1, -1
1 ,0, 2, 3, imageframe : 9, 1, 10, 9, 1, 7, -1, -1, -1
1 ,0, 2, 3, imageframe : 9, 1, 10, 9, 1, 7, -1, -1, -1
1 ,0, 2, 3, imageframe : 9, 1, 10, 9, 1, 7, -1, -1, -1
1 ,0, 2, 3, imageframe : 9, 1, 10, 9, 2, 7, -1, -1, -1
1 ,0, 2, 7, imageframe : -1, -1, -1, 8, 4, 2, -1, -1, -1
1 ,0, 2, 7, imageframe : -1, -1, -1, 8, 0, 2, -1, -1, -1
1 ,0, 2, 7, imageframe : 9, 0, 10, 9, 0, 7, -1, -1, -1
1 ,0, 2, 7, imageframe : 9, 1, 10, 9, 1, 7, -1, -1, -1
1 ,0, 2, 7, imageframe : 9, 1, 10, 9, 1, 7, -1, -1, -1
1 ,0, 2, 7, imageframe : 9, 1, 10, 9, 1, 7, -1, -1, -1
1 ,0, 2, 7, imageframe : 9, 1, 10, 9, 1, 7, -1, -1, -1
1 ,0, 2, 7, imageframe : 9, 1, 10, 9, 1, 7, -1, -1, -1
1 ,0, 2, 7, imageframe : 9, 1, 10, 9, 1, 7, -1, -1, -1
1 ,0, 2, 7, imageframe : 9, 1, 10, 9, 1, 7, -1, -1, -1
1 ,0, 2, 7, imageframe : 9, 0, 10, 9, 0, 8, -1, -1, -1
1 ,0, 1, 3, imageframe : 9, 5, 10, -1, -1, -1, -1, -1, -1
1 ,0, 1, 3, imageframe : 9, 5, 10, -1, -1, -1, -1, -1, -1
1 ,0, 2, 7, imageframe : 9, 2, 10, 9, 2, 7, -1, -1, -1
1 ,0, 2, 7, imageframe : -1, -1, -1, 8, 4, 2, -1, -1, -1
1 ,0, 2, 7, imageframe : -1, -1, -1, 8, 0, 0, -1, -1, -1
1 ,0, 2, 7, imageframe : -1, -1, -1, 8, 0, 2, -1, -1, -1
1 ,0, 2, 3, imageframe : 9, 0, 10, 9, 0, 8, -1, -1, -1
1 ,0, 2, 7, imageframe : -1, -1, -1, 9, 1, 8, -1, -1, -1
1 ,0, 2, 7, imageframe : -1, -1, -1, 9, 1, 8, -1, -1, -1
1 ,0, 2, 7, imageframe : -1, -1, -1, 9, 1, 8, -1, -1, -1
1 ,0, 2, 7, imageframe : -1, -1, -1, 9, 1, 8, -1, -1, -1
1 ,0, 2, 7, imageframe : -1, -1, -1, 9, 1, 8, -1, -1, -1
1 ,0, 3, 3, imageframe : -1, -1, -1, 9, 1, 8, 9, 1, 3
1 ,0, 2, 7, imageframe : 9, 2, 10, 9, 2, 8, -1, -1, -1
1 ,0, 2, 7, imageframe : -1, -1, -1, 8, 4, 2, -1, -1, -1
1 ,0, 2, 7, imageframe : -1, -1, -1, 8, 0, 2, -1, -1, -1
1 ,0, 2, 7, imageframe : 9, 0, 10, 9, 0, 8, -1, -1, -1
1 ,0, 2, 7, imageframe : -1, -1, -1, 9, 1, 8, -1, -1, -1
1 ,0, 2, 7, imageframe : -1, -1, -1, 9, 1, 8, -1, -1, -1
1 ,0, 2, 7, imageframe : -1, -1, -1, 9, 1, 8, -1, -1, -1
1 ,0, 2, 7, imageframe : -1, -1, -1, 9, 1, 8, -1, -1, -1
1 ,0, 2, 7, imageframe : -1, -1, -1, 9, 1, 8, -1, -1, -1
1 ,0, 2, 7, imageframe : -1, -1, -1, 9, 1, 8, -1, -1, -1
1 ,0, 2, 7, imageframe : -1, -1, -1, 9, 1, 8, -1, -1, -1
1 ,0, 2, 3, imageframe : 9, 5, 9, 9, 0, 9, -1, -1, -1
1 ,0, 1, 3, imageframe : 9, 5, 11, -1, -1, -1, -1, -1, -1
1 ,0, 1, 3, imageframe : 9, 5, 11, -1, -1, -1, -1, -1, -1
1 ,0, 2, 7, imageframe : 9, 2, 10, 9, 2, 8, -1, -1, -1
1 ,0, 2, 7, imageframe : -1, -1, -1, 8, 4, 2, -1, -1, -1
1 ,0, 2, 7, imageframe : -1, -1, -1, 8, 0, 0, -1, -1, -1
1 ,0, 2, 7, imageframe : -1, -1, -1, 8, 0, 2, -1, -1, -1
1 ,0, 2, 3, imageframe : 9, 5, 9, 9, 0, 9, -1, -1, -1
1 ,0, 3, 3, imageframe : 9, 6, 10, -1, -1, -1, 9, 1, 3
1 ,0, 2, 3, imageframe : 9, 6, 10, -1, -1, -1, -1, -1, -1
1 ,0, 2, 3, imageframe : 9, 6, 10, -1, -1, -1, -1, -1, -1
1 ,0, 2, 3, imageframe : 9, 6, 10, -1, -1, -1, -1, -1, -1
1 ,0, 2, 3, imageframe : 9, 6, 10, -1, -1, -1, -1, -1, -1
1 ,0, 3, 7, imageframe : 9, 5, 10, 9, 1, 4, -1, -1, -1
1 ,0, 2, 7, imageframe : 9, 6, 9, 9, 2, 9, -1, -1, -1
1 ,0, 2, 7, imageframe : -1, -1, -1, 8, 4, 2, -1, -1, -1
1 ,0, 2, 7, imageframe : -1, -1, -1, 8, 0, 2, -1, -1, -1
1 ,0, 2, 3, imageframe : 9, 5, 9, 9, 0, 9, -1, -1, -1
1 ,0, 1, 3, imageframe : 9, 6, 10, -1, -1, -1, -1, -1, -1
1 ,0, 1, 3, imageframe : 9, 6, 10, -1, -1, -1, -1, -1, -1
1 ,0, 1, 3, imageframe : 9, 6, 10, -1, -1, -1, -1, -1, -1
1 ,0, 1, 3, imageframe : 9, 6, 10, -1, -1, -1, -1, -1, -1
1 ,0, 1, 3, imageframe : 9, 6, 10, -1, -1, -1, -1, -1, -1
1 ,0, 1, 3, imageframe : 9, 6, 10, -1, -1, -1, -1, -1, -1
1 ,0, 1, 3, imageframe : 9, 6, 10, -1, -1, -1, -1, -1, -1
1 ,0, 1, 3, imageframe : 9, 6, 10, -1, -1, -1, -1, -1, -1
1 ,0, 1, 3, imageframe : 9, 5, 10, -1, -1, -1, -1, -1, -1
1 ,0, 1, 3, imageframe : 9, 5, 10, -1, -1, -1, -1, -1, -1
1 ,0, 2, 3, imageframe : 9, 6, 9, 9, 2, 9, -1, -1, -1
1 ,0, 2, 7, imageframe : -1, -1, -1, 8, 4, 2, -1, -1, -1
1 ,0, 2, 7, imageframe : -1, -1, -1, 8, 0, 0, -1, -1, -1
1 ,0, 2, 7, imageframe : -1, -1, -1, 8, 0, 2, -1, -1, -1
1 ,0, 2, 3, imageframe : 9, 5, 10, -1, -1, -1, -1, -1, -1
1 ,0, 3, 7, imageframe : 9, 5, 10, 9, 1, 4, -1, -1, -1
1 ,0, 2, 3, imageframe : 9, 5, 10, -1, -1, -1, -1, -1, -1
1 ,0, 2, 3, imageframe : 9, 5, 10, -1, -1, -1, -1, -1, -1
1 ,0, 2, 3, imageframe : 9, 5, 10, -1, -1, -1, -1, -1, -1
1 ,0, 2, 3, imageframe : 9, 5, 10, -1, -1, -1, -1, -1, -1
1 ,0, 3, 3, imageframe : 9, 5, 10, -1, -1, -1, 10, 2, 9
1 ,0, 3, 3, imageframe : 9, 5, 10, -1, -1, -1, 10, 3, 9
1 ,0, 2, 7, imageframe : -1, -1, -1, 8, 4, 2, -1, -1, -1
1 ,0, 2, 7, imageframe : -1, -1, -1, 8, 0, 2, -1, -1, -1
1 ,0, 3, 3, imageframe : 9, 5, 9, -1, -1, -1, 8, 3, 7
1 ,0, 3, 7, imageframe : 9, 5, 10, 9, 10, 0, -1, -1, -1
1 ,0, 3, 3, imageframe : 9, 5, 10, -1, -1, -1, 8, 5, 7
1 ,0, 1, 3, imageframe : 9, 5, 10, -1, -1, -1, -1, -1, -1
1 ,0, 1, 3, imageframe : 9, 5, 10, -1, -1, -1, -1, -1, -1
1 ,0, 1, 3, imageframe : 9, 5, 10, -1, -1, -1, -1, -1, -1
1 ,0, 1, 3, imageframe : 9, 5, 10, -1, -1, -1, -1, -1, -1
1 ,0, 1, 3, imageframe : 9, 5, 10, -1, -1, -1, -1, -1, -1
1 ,0, 1, 3, imageframe : 9, 5, 10, -1, -1, -1, -1, -1, -1
1 ,0, 1, 3, imageframe : 9, 5, 11, -1, -1, -1, -1, -1, -1
1 ,0, 1, 3, imageframe : 9, 5, 11, -1, -1, -1, -1, -1, -1
1 ,0, 1, 3, imageframe : 9, 5, 11, -1, -1, -1, -1, -1, -1
1 ,0, 2, 7, imageframe : -1, -1, -1, 8, 4, 2, -1, -1, -1
1 ,0, 2, 7, imageframe : -1, -1, -1, 8, 0, 0, -1, -1, -1
1 ,0, 2, 7, imageframe : -1, -1, -1, 8, 0, 2, -1, -1, -1
1 ,0, 1, 3, imageframe : 9, 5, 11, -1, -1, -1, -1, -1, -1
1 ,0, 2, 3, imageframe : 9, 5, 11, -1, -1, -1, -1, -1, -1
1 ,0, 1, 3, imageframe : 9, 5, 11, -1, -1, -1, -1, -1, -1
1 ,0, 1, 3, imageframe : 9, 5, 11, -1, -1, -1, -1, -1, -1
1 ,0, 1, 3, imageframe : 9, 5, 11, -1, -1, -1, -1, -1, -1
1 ,0, 1, 3, imageframe : 9, 5, 11, -1, -1, -1, -1, -1, -1
1 ,0, 2, 7, imageframe : 9, 5, 10, 10, 2, 10, -1, -1, -1
1 ,0, 2, 7, imageframe : 9, 5, 10, 10, 2, 10, -1, -1, -1
1 ,0, 2, 7, imageframe : -1, -1, -1, 8, 1, 6, -1, -1, -1
1 ,0, 2, 7, imageframe : -1, -1, -1, 8, 2, 6, -1, -1, -1
1 ,0, 3, 3, imageframe : 9, 5, 10, 8, 3, 8, -1, -1, -1
1 ,0, 3, 3, imageframe : 9, 5, 11, -1, -1, -1, 8, 4, 8
1 ,0, 3, 3, imageframe : 9, 5, 11, -1, -1, -1, 8, 4, 8
1 ,0, 3, 3, imageframe : 9, 5, 11, -1, -1, -1, 8, 4, 8
1 ,0, 3, 3, imageframe : 9, 5, 11, -1, -1, -1, 8, 5, 8
1 ,0, 1, 3, imageframe : 9, 5, 11, -1, -1, -1, -1, -1, -1
1 ,0, 1, 3, imageframe : 9, 5, 11, -1, -1, -1, -1, -1, -1
1 ,0, 1, 3, imageframe : 9, 5, 11, -1, -1, -1, -1, -1, -1
1 ,0, 1, 3, imageframe : 9, 5, 11, -1, -1, -1, -1, -1, -1
1 ,0, 1, 3, imageframe : 9, 5, 10, -1, -1, -1, -1, -1, -1
1 ,0, 1, 3, imageframe : 9, 5, 10, -1, -1, -1, -1, -1, -1
1 ,0, 3, 3, imageframe : 9, 5, 10, -1, -1, -1, 9, 1, 1
1 ,0, 2, 7, imageframe : -1, -1, -1, 8, 4, 2, -1, -1, -1
1 ,0, 2, 7, imageframe : -1, -1, -1, 8, 0, 0, -1, -1, -1
1 ,0, 2, 7, imageframe : -1, -1, -1, 8, 0, 2, -1, -1, -1
1 ,0, 3, 3, imageframe : 9, 5, 10, -1, -1, -1, 10, 2, 9
1 ,0, 3, 3, imageframe : 9, 5, 10, -1, -1, -1, 10, 3, 9
1 ,0, 3, 3, imageframe : 9, 5, 10, -1, -1, -1, 9, 2, 3
1 ,0, 1, 3, imageframe : 9, 5, 10, -1, -1, -1, -1, -1, -1
1 ,0, 1, 3, imageframe : 9, 5, 10, -1, -1, -1, -1, -1, -1
1 ,0, 1, 3, imageframe : 9, 5, 10, -1, -1, -1, -1, -1, -1
1 ,0, 3, 3, imageframe : 9, 5, 10, -1, -1, -1, 10, 2, 9
1 ,0, 3, 3, imageframe : 9, 5, 10, -1, -1, -1, 10, 3, 9
1 ,0, 2, 7, imageframe : 9, 1, 10, -1, -1, -1, -1, -1, -1
1 ,0, 2, 7, imageframe : 9, 1, 10, -1, -1, -1, -1, -1, -1
1 ,0, 3, 7, imageframe : 9, 5, 10, 8, 3, 9, -1, -1, -1
1 ,0, 3, 7, imageframe : 9, 5, 10, 8, 4, 9, -1, -1, -1
1 ,0, 3, 7, imageframe : 9, 5, 10, 8, 4, 9, -1, -1, -1
1 ,0, 3, 7, imageframe : 9, 5, 10, 8, 4, 9, -1, -1, -1
1 ,0, 3, 7, imageframe : 9, 5, 10, 8, 5, 9, -1, -1, -1
1 ,0, 1, 3, imageframe : 9, 5, 10, -1, -1, -1, -1, -1, -1
1 ,0, 1, 3, imageframe : 9, 5, 10, -1, -1, -1, -1, -1, -1
1 ,0, 1, 3, imageframe : 9, 5, 10, -1, -1, -1, -1, -1, -1
1 ,0, 1, 3, imageframe : 9, 5, 10, -1, -1, -1, -1, -1, -1
1 ,0, 1, 3, imageframe : 9, 5, 11, -1, -1, -1, -1, -1, -1
1 ,0, 1, 3, imageframe : 9, 5, 11, -1, -1, -1, -1, -1, -1
1 ,0, 2, 7, imageframe : 9, 5, 11, 9, 1, 2, -1, -1, -1
1 ,0, 2, 7, imageframe : -1, -1, -1, 8, 4, 2, -1, -1, -1
1 ,0, 2, 7, imageframe : -1, -1, -1, 8, 0, 0, -1, -1, -1
1 ,0, 2, 7, imageframe : -1, -1, -1, 8, 0, 2, -1, -1, -1
1 ,0, 3, 7, imageframe : 9, 5, 10, 10, 2, 10, -1, -1, -1
1 ,0, 3, 7, imageframe : 9, 5, 10, 10, 2, 10, -1, -1, -1
1 ,0, 3, 7, imageframe : 9, 5, 10, 9, 2, 4, -1, -1, -1
1 ,0, 1, 3, imageframe : 9, 5, 11, -1, -1, -1, -1, -1, -1
1 ,0, 1, 3, imageframe : 9, 5, 11, -1, -1, -1, -1, -1, -1
1 ,0, 1, 3, imageframe : 9, 5, 11, -1, -1, -1, -1, -1, -1
1 ,0, 2, 7, imageframe : 9, 5, 10, 10, 2, 10, -1, -1, -1
1 ,0, 2, 7, imageframe : 9, 5, 10, 10, 2, 10, -1, -1, -1
1 ,0, 2, 7, imageframe : 9, 1, 10, -1, -1, -1, -1, -1, -1
1 ,0, 2, 7, imageframe : 9, 1, 10, -1, -1, -1, -1, -1, -1
1 ,0, 1, 3, imageframe : 9, 5, 10, -1, -1, -1, -1, -1, -1
1 ,0, 1, 3, imageframe : 9, 5, 11, -1, -1, -1, -1, -1, -1
1 ,0, 1, 3, imageframe : 9, 5, 11, -1, -1, -1, -1, -1, -1
1 ,0, 1, 3, imageframe : 9, 5, 11, -1, -1, -1, -1, -1, -1
1 ,0, 1, 3, imageframe : 9, 5, 11, -1, -1, -1, -1, -1, -1
1 ,0, 1, 3, imageframe : 9, 5, 11, -1, -1, -1, -1, -1, -1
1 ,0, 1, 3, imageframe : 9, 5, 11, -1, -1, -1, -1, -1, -1
1 ,0, 1, 3, imageframe : 9, 5, 11, -1, -1, -1, -1, -1, -1
1 ,0, 1, 3, imageframe : 9, 5, 11, -1, -1, -1, -1, -1, -1
1 ,0, 1, 3, imageframe : 9, 5, 11, -1, -1, -1, -1, -1, -1
1 ,0, 1, 3, imageframe : 9, 5, 11, -1, -1, -1, -1, -1, -1
1 ,0, 1, 3, imageframe : 9, 5, 11, -1, -1, -1, -1, -1, -1
1 ,0, 2, 7, imageframe : -1, -1, -1, 8, 4, 2, -1, -1, -1
1 ,0, 2, 7, imageframe : -1, -1, -1, 8, 0, 0, -1, -1, -1
1 ,0, 2, 7, imageframe : -1, -1, -1, 8, 0, 2, -1, -1, -1
1 ,0, 3, 3, imageframe : 9, 5, 10, -1, -1, -1, 10, 2, 9
1 ,0, 3, 3, imageframe : 9, 5, 10, -1, -1, -1, 10, 3, 9
1 ,0, 3, 3, imageframe : 9, 5, 10, -1, -1, -1, 9, 2, 3
1 ,0, 1, 3, imageframe : 9, 5, 10, -1, -1, -1, -1, -1, -1
1 ,0, 1, 3, imageframe : 9, 5, 10, -1, -1, -1, -1, -1, -1
1 ,0, 1, 3, imageframe : 9, 5, 10, -1, -1, -1, -1, -1, -1
1 ,0, 1, 3, imageframe : 9, 5, 10, -1, -1, -1, -1, -1, -1
1 ,0, 1, 3, imageframe : 9, 5, 11, -1, -1, -1, -1, -1, -1
1 ,0, 2, 7, imageframe : 9, 5, 10, 9, 1, 8, -1, -1, -1
1 ,0, 2, 7, imageframe : 9, 5, 10, 9, 1, 8, -1, -1, -1
1 ,0, 1, 3, imageframe : 9, 5, 11, -1, -1, -1, -1, -1, -1
1 ,0, 1, 3, imageframe : 9, 5, 10, -1, -1, -1, -1, -1, -1
1 ,0, 1, 3, imageframe : 9, 5, 10, -1, -1, -1, -1, -1, -1
1 ,0, 1, 3, imageframe : 9, 5, 10, -1, -1, -1, -1, -1, -1
1 ,0, 1, 3, imageframe : 9, 5, 10, -1, -1, -1, -1, -1, -1
1 ,0, 1, 3, imageframe : 9, 5, 10, -1, -1, -1, -1, -1, -1
1 ,0, 1, 3, imageframe : 9, 5, 10, -1, -1, -1, -1, -1, -1
1 ,0, 1, 3, imageframe : 9, 5, 10, -1, -1, -1, -1, -1, -1
1 ,0, 1, 3, imageframe : 9, 5, 10, -1, -1, -1, -1, -1, -1
1 ,0, 1, 3, imageframe : 9, 5, 10, -1, -1, -1, -1, -1, -1
1 ,0, 1, 3, imageframe : 9, 5, 10, -1, -1, -1, -1, -1, -1
1 ,0, 3, 3, imageframe : 9, 5, 10, -1, -1, -1, 9, 1, 1
1 ,0, 2, 7, imageframe : -1, -1, -1, 8, 4, 2, -1, -1, -1
1 ,0, 2, 7, imageframe : -1, -1, -1, 8, 0, 0, -1, -1, -1
1 ,0, 2, 7, imageframe : -1, -1, -1, 8, 0, 2, -1, -1, -1
1 ,0, 3, 7, imageframe : 9, 5, 10, 10, 2, 10, -1, -1, -1
1 ,0, 3, 7, imageframe : 9, 5, 10, 10, 3, 10, -1, -1, -1
1 ,0, 3, 7, imageframe : 9, 5, 10, 9, 2, 4, -1, -1, -1
1 ,0, 1, 3, imageframe : 9, 5, 11, -1, -1, -1, -1, -1, -1
1 ,0, 1, 3, imageframe : 9, 5, 11, -1, -1, -1, -1, -1, -1
1 ,0, 1, 3, imageframe : 9, 5, 11, -1, -1, -1, -1, -1, -1
1 ,0, 1, 3, imageframe : 9, 5, 11, -1, -1, -1, -1, -1, -1
1 ,0, 1, 3, imageframe : 9, 5, 10, -1, -1, -1, -1, -1, -1
1 ,0, 1, 3, imageframe : 9, 5, 11, -1, -1, -1, -1, -1, -1
1 ,0, 1, 3, imageframe : 9, 5, 11, -1, -1, -1, -1, -1, -1
1 ,0, 1, 3, imageframe : 9, 5, 10, -1, -1, -1, -1, -1, -1
1 ,0, 1, 3, imageframe : 9, 5, 11, -1, -1, -1, -1, -1, -1
1 ,0, 1, 3, imageframe : 9, 5, 11, -1, -1, -1, -1, -1, -1
1 ,0, 1, 3, imageframe : 9, 5, 11, -1, -1, -1, -1, -1, -1
1 ,0, 1, 3, imageframe : 9, 5, 11, -1, -1, -1, -1, -1, -1
1 ,0, 1, 3, imageframe : 9, 5, 11, -1, -1, -1, -1, -1, -1
1 ,0, 1, 3, imageframe : 9, 5, 11, -1, -1, -1, -1, -1, -1
1 ,0, 1, 3, imageframe : 9, 5, 11, -1, -1, -1, -1, -1, -1
1 ,0, 1, 3, imageframe : 9, 5, 11, -1, -1, -1, -1, -1, -1
1 ,0, 1, 3, imageframe : 9, 5, 11, -1, -1, -1, -1, -1, -1
1 ,0, 1, 3, imageframe : 9, 5, 11, -1, -1, -1, -1, -1, -1
1 ,0, 2, 7, imageframe : 9, 5, 11, 9, 1, 2, -1, -1, -1
1 ,0, 2, 7, imageframe : -1, -1, -1, 8, 4, 2, -1, -1, -1
1 ,0, 2, 7, imageframe : -1, -1, -1, 8, 0, 0, -1, -1, -1
1 ,0, 2, 7, imageframe : -1, -1, -1, 8, 0, 2, -1, -1, -1
1 ,0, 1, 3, imageframe : 9, 5, 10, -1, -1, -1, -1, -1, -1
1 ,0, 2, 3, imageframe : 9, 5, 10, -1, -1, -1, -1, -1, -1
1 ,0, 1, 3, imageframe : 9, 5, 10, -1, -1, -1, -1, -1, -1
1 ,0, 1, 3, imageframe : 9, 5, 10, -1, -1, -1, -1, -1, -1
1 ,0, 1, 3, imageframe : 9, 5, 10, -1, -1, -1, -1, -1, -1
1 ,0, 1, 3, imageframe : 9, 5, 10, -1, -1, -1, -1, -1, -1
1 ,0, 1, 3, imageframe : 9, 5, 10, -1, -1, -1, -1, -1, -1
1 ,0, 1, 3, imageframe : 9, 5, 11, -1, -1, -1, -1, -1, -1
1 ,0, 1, 3, imageframe : 9, 5, 10, -1, -1, -1, -1, -1, -1
1 ,0, 1, 3, imageframe : 9, 5, 10, -1, -1, -1, -1, -1, -1
1 ,0, 1, 3, imageframe : 9, 5, 10, -1, -1, -1, -1, -1, -1
1 ,0, 1, 3, imageframe : 9, 5, 10, -1, -1, -1, -1, -1, -1
1 ,0, 1, 3, imageframe : 9, 5, 10, -1, -1, -1, -1, -1, -1
1 ,0, 1, 3, imageframe : 9, 5, 10, -1, -1, -1, -1, -1, -1
1 ,0, 1, 3, imageframe : 9, 5, 10, -1, -1, -1, -1, -1, -1
1 ,0, 1, 3, imageframe : 9, 5, 10, -1, -1, -1, -1, -1, -1
1 ,0, 1, 3, imageframe : 9, 5, 10, -1, -1, -1, -1, -1, -1
1 ,0, 1, 3, imageframe : 9, 5, 10, -1, -1, -1, -1, -1, -1
1 ,0, 1, 3, imageframe : 9, 5, 10, -1, -1, -1, -1, -1, -1
1 ,0, 1, 3, imageframe : 9, 5, 10, -1, -1, -1, -1, -1, -1
1 ,0, 1, 3, imageframe : 9, 5, 10, -1, -1, -1, -1, -1, -1
1 ,0, 1, 3, imageframe : 9, 5, 10, -1, -1, -1, -1, -1, -1
1 ,0, 2, 7, imageframe : -1, -1, -1, 8, 4, 2, -1, -1, -1
1 ,0, 2, 7, imageframe : -1, -1, -1, 8, 0, 0, -1, -1, -1
1 ,0, 3, 7, imageframe : -1, -1, -1, -1, -1, -1, 8, 0, 5
1 ,0, 3, 3, imageframe : 9, 5, 11, -1, -1, -1, 8, 1, 5
1 ,0, 3, 3, imageframe : 9, 5, 11, -1, -1, -1, 8, 3, 6
1 ,0, 3, 3, imageframe : 9, 5, 11, -1, -1, -1, 8, 3, 6
1 ,0, 3, 3, imageframe : 9, 5, 11, -1, -1, -1, 8, 3, 6
1 ,0, 3, 3, imageframe : 9, 5, 11, -1, -1, -1, 8, 3, 6
1 ,0, 3, 3, imageframe : 9, 5, 11, -1, -1, -1, 8, 3, 6
1 ,0, 3, 3, imageframe : 9, 5, 11, -1, -1, -1, 8, 3, 6
1 ,0, 3, 3, imageframe : 9, 5, 10, -1, -1, -1, 8, 3, 6
1 ,0, 3, 3, imageframe : 9, 5, 11, -1, -1, -1, 8, 3, 6
1 ,0, 3, 3, imageframe : 9, 5, 11, -1, -1, -1, 8, 3, 6
1 ,0, 3, 3, imageframe : 9, 5, 11, -1, -1, -1, 8, 3, 6
1 ,0, 3, 3, imageframe : 9, 5, 11, -1, -1, -1, 8, 3, 6
1 ,0, 3, 3, imageframe : 9, 5, 11, -1, -1, -1, 8, 3, 6
1 ,0, 3, 3, imageframe : 9, 5, 11, -1, -1, -1, 8, 2, 5
1 ,0, 1, 3, imageframe : 9, 5, 11, -1, -1, -1, -1, -1, -1
1 ,0, 2, 3, imageframe : 9, 5, 11, -1, -1, -1, -1, -1, -1
1 ,0, 3, 3, imageframe : 9, 5, 11, -1, -1, -1, 8, 3, 5
1 ,0, 3, 3, imageframe : 9, 5, 11, -1, -1, -1, 8, 3, 6
1 ,0, 3, 3, imageframe : 9, 5, 11, -1, -1, -1, 8, 3, 6
1 ,0, 3, 3, imageframe : 9, 5, 11, -1, -1, -1, 8, 3, 6
1 ,0, 3, 3, imageframe : 9, 5, 11, -1, -1, -1, 8, 3, 6
1 ,0, 3, 3, imageframe : 9, 5, 11, -1, -1, -1, 9, 0, 11
1 ,0, 3, 7, imageframe : -1, -1, -1, 8, 0, 0, 9, 1, 11
1 ,0, 3, 7, imageframe : -1, -1, -1, -1, -1, -1, 8, 0, 0
1 ,0, 3, 7, imageframe : -1, -1, -1, -1, -1, -1, 8, 0, 0
1 ,0, 3, 7, imageframe : -1, -1, -1, -1, -1, -1, 8, 0, 0
1 ,0, 3, 7, imageframe : -1, -1, -1, -1, -1, -1, 8, 0, 0
1 ,0, 3, 7, imageframe : -1, -1, -1, -1, -1, -1, 8, 0, 0
1 ,0, 3, 7, imageframe : -1, -1, -1, -1, -1, -1, 8, 0, 0
1 ,0, 3, 7, imageframe : -1, -1, -1, -1, -1, -1, 8, 0, 0
1 ,0, 3, 7, imageframe : -1, -1, -1, -1, -1, -1, 8, 0, 0
1 ,0, 3, 7, imageframe : -1, -1, -1, -1, -1, -1, 8, 0, 0
1 ,0, 3, 7, imageframe : 9, 5, 11, -1, -1, -1, 8, 0, 0
1 ,0, 3, 7, imageframe : -1, -1, -1, -1, -1, -1, 8, 0, 0
1 ,0, 3, 7, imageframe : -1, -1, -1, -1, -1, -1, 8, 0, 0
1 ,0, 3, 7, imageframe : -1, -1, -1, -1, -1, -1, 8, 0, 0
1 ,0, 3, 7, imageframe : -1, -1, -1, 8, 2, 0, 8, 0, 0
1 ,0, 3, 7, imageframe : -1, -1, -1, -1, -1, -1, 8, 0, 0
1 ,0, 3, 7, imageframe : -1, -1, -1, 0, 0, 0, 8, 0, 2
1 ,0, 1, 3, imageframe : 9, 5, 10, -1, -1, -1, -1, -1, -1
1 ,0, 1, 3, imageframe : 9, 5, 10, -1, -1, -1, -1, -1, -1
1 ,0, 3, 7, imageframe : -1, -1, -1, -1, -1, -1, 8, 4, 2
1 ,0, 3, 7, imageframe : -1, -1, -1, -1, -1, -1, 8, 0, 0
1 ,0, 3, 7, imageframe : -1, -1, -1, -1, -1, -1, 8, 0, 0
1 ,0, 3, 7, imageframe : -1, -1, -1, -1, -1, -1, 8, 0, 0
1 ,0, 3, 7, imageframe : -1, -1, -1, -1, -1, -1, 8, 0, 0
1 ,0, 3, 7, imageframe : -1, -1, -1, -1, -1, -1, 8, 0, 0
1 ,0, 3, 7, imageframe : -1, -1, -1, -1, -1, -1, 8, 0, 0
1 ,0, 3, 7, imageframe : -1, -1, -1, -1, -1, -1, 8, 0, 0
1 ,0, 3, 7, imageframe : -1, -1, -1, -1, -1, -1, 8, 0, 0
1 ,0, 3, 7, imageframe : -1, -1, -1, -1, -1, -1, 8, 0, 0
1 ,0, 3, 7, imageframe : -1, -1, -1, -1, -1, -1, 8, 0, 0
1 ,0, 3, 7, imageframe : -1, -1, -1, -1, -1, -1, 8, 0, 0
1 ,0, 3, 7, imageframe : -1, -1, -1, -1, -1, -1, 8, 0, 0
1 ,0, 3, 7, imageframe : -1, -1, -1, -1, -1, -1, 8, 0, 0
1 ,0, 3, 7, imageframe : -1, -1, -1, -1, -1, -1, 8, 0, 0
1 ,0, 3, 7, imageframe : -1, -1, -1, -1, -1, -1, 8, 0, 0
1 ,0, 3, 7, imageframe : -1, -1, -1, -1, -1, -1, 8, 0, 0
1 ,0, 3, 7, imageframe : -1, -1, -1, -1, -1, -1, 8, 0, 0
1 ,0, 3, 7, imageframe : -1, -1, -1, -1, -1, -1, 8, 0, 0
1 ,0, 3, 7, imageframe : -1, -1, -1, -1, -1, -1, 8, 0, 0
1 ,0, 3, 7, imageframe : -1, -1, -1, -1, -1, -1, 8, 0, 0
1 ,0, 3, 7, imageframe : -1, -1, -1, -1, -1, -1, 8, 0, 0
1 ,0, 3, 7, imageframe : -1, -1, -1, -1, -1, -1, 8, 0, 2
1 ,0, 1, 3, imageframe : 9, 5, 10, -1, -1, -1, -1, -1, -1
1 ,0, 1, 3, imageframe : 9, 5, 10, -1, -1, -1, -1, -1, -1
1 ,0, 3, 7, imageframe : -1, -1, -1, -1, -1, -1, 8, 4, 2
1 ,0, 3, 7, imageframe : -1, -1, -1, -1, -1, -1, 8, 0, 0
1 ,0, 3, 7, imageframe : -1, -1, -1, -1, -1, -1, 8, 0, 0
1 ,0, 3, 7, imageframe : -1, -1, -1, -1, -1, -1, 8, 0, 0
1 ,0, 3, 7, imageframe : -1, -1, -1, -1, -1, -1, 8, 0, 0
1 ,0, 3, 7, imageframe : -1, -1, -1, -1, -1, -1, 8, 0, 0
1 ,0, 3, 7, imageframe : -1, -1, -1, -1, -1, -1, 8, 0, 0
1 ,0, 3, 7, imageframe : -1, -1, -1, -1, -1, -1, 8, 0, 0
1 ,0, 3, 7, imageframe : -1, -1, -1, -1, -1, -1, 8, 0, 0
1 ,0, 3, 7, imageframe : -1, -1, -1, -1, -1, -1, 8, 0, 0
1 ,0, 3, 7, imageframe : -1, -1, -1, -1, -1, -1, 8, 0, 0
1 ,0, 3, 7, imageframe : -1, -1, -1, -1, -1, -1, 8, 0, 0
1 ,0, 3, 7, imageframe : -1, -1, -1, -1, -1, -1, 8, 0, 0
1 ,0, 3, 7, imageframe : -1, -1, -1, -1, -1, -1, 8, 0, 0
1 ,0, 3, 7, imageframe : -1, -1, -1, -1, -1, -1, 8, 0, 0
1 ,0, 3, 7, imageframe : -1, -1, -1, -1, -1, -1, 8, 0, 0
1 ,0, 3, 7, imageframe : -1, -1, -1, -1, -1, -1, 8, 0, 0
1 ,0, 3, 7, imageframe : -1, -1, -1, -1, -1, -1, 8, 0, 0
1 ,0, 3, 7, imageframe : -1, -1, -1, -1, -1, -1, 8, 0, 0
1 ,0, 3, 7, imageframe : -1, -1, -1, -1, -1, -1, 8, 0, 0
1 ,0, 3, 7, imageframe : -1, -1, -1, -1, -1, -1, 8, 0, 0
1 ,0, 3, 7, imageframe : -1, -1, -1, -1, -1, -1, 8, 0, 0
1 ,0, 3, 7, imageframe : -1, -1, -1, -1, -1, -1, 8, 0, 2
1 ,0, 1, 3, imageframe : 9, 5, 11, -1, -1, -1, -1, -1, -1
1 ,0, 1, 3, imageframe : 9, 5, 11, -1, -1, -1, -1, -1, -1
1 ,0, 3, 7, imageframe : -1, -1, -1, -1, -1, -1, 8, 4, 2
1 ,0, 3, 7, imageframe : -1, -1, -1, -1, -1, -1, 8, 0, 0
1 ,0, 3, 7, imageframe : -1, -1, -1, -1, -1, -1, 8, 0, 0
1 ,0, 3, 7, imageframe : -1, -1, -1, -1, -1, -1, 8, 0, 0
1 ,0, 3, 7, imageframe : -1, -1, -1, -1, -1, -1, 8, 0, 0
1 ,0, 3, 7, imageframe : -1, -1, -1, -1, -1, -1, 8, 0, 0
1 ,0, 3, 7, imageframe : -1, -1, -1, -1, -1, -1, 8, 0, 0
tileMap_object_num : 0
