isTileImage : 0
x : 25, y : 22
1 ,0, 2, 7, imageframe : -1, -1, -1, 8, 0, 0, -1, -1, -1
1 ,0, 2, 7, imageframe : -1, -1, -1, 8, 0, 0, -1, -1, -1
1 ,0, 2, 7, imageframe : -1, -1, -1, 8, 0, 0, -1, -1, -1
1 ,0, 2, 7, imageframe : -1, -1, -1, 8, 0, 0, -1, -1, -1
1 ,0, 2, 7, imageframe : -1, -1, -1, 8, 0, 0, -1, -1, -1
1 ,0, 2, 7, imageframe : -1, -1, -1, 8, 0, 0, -1, -1, -1
1 ,0, 2, 7, imageframe : -1, -1, -1, 8, 0, 0, -1, -1, -1
1 ,0, 2, 7, imageframe : -1, -1, -1, 8, 0, 0, -1, -1, -1
1 ,0, 2, 7, imageframe : -1, -1, -1, 8, 0, 0, -1, -1, -1
1 ,0, 2, 7, imageframe : -1, -1, -1, 8, 0, 0, -1, -1, -1
1 ,0, 2, 7, imageframe : -1, -1, -1, 8, 0, 0, -1, -1, -1
1 ,0, 2, 7, imageframe : -1, -1, -1, 8, 0, 0, -1, -1, -1
1 ,0, 2, 7, imageframe : -1, -1, -1, 8, 0, 0, -1, -1, -1
1 ,0, 2, 7, imageframe : -1, -1, -1, 8, 0, 0, -1, -1, -1
1 ,0, 2, 7, imageframe : -1, -1, -1, 8, 0, 0, -1, -1, -1
1 ,0, 2, 7, imageframe : -1, -1, -1, 8, 0, 0, -1, -1, -1
1 ,0, 2, 7, imageframe : -1, -1, -1, 8, 0, 0, -1, -1, -1
1 ,0, 2, 7, imageframe : -1, -1, -1, 8, 0, 0, -1, -1, -1
1 ,0, 2, 7, imageframe : -1, -1, -1, 8, 0, 0, -1, -1, -1
1 ,0, 2, 7, imageframe : -1, -1, -1, 8, 0, 0, -1, -1, -1
1 ,0, 2, 7, imageframe : -1, -1, -1, 8, 0, 0, -1, -1, -1
1 ,0, 2, 7, imageframe : -1, -1, -1, 8, 0, 0, -1, -1, -1
1 ,0, 2, 7, imageframe : -1, -1, -1, 8, 0, 0, -1, -1, -1
1 ,0, 2, 7, imageframe : -1, -1, -1, 8, 0, 0, -1, -1, -1
1 ,0, 2, 7, imageframe : -1, -1, -1, 8, 0, 0, -1, -1, -1
1 ,0, 2, 7, imageframe : -1, -1, -1, 8, 0, 0, -1, -1, -1
1 ,0, 2, 7, imageframe : -1, -1, -1, 8, 0, 0, -1, -1, -1
1 ,0, 2, 7, imageframe : -1, -1, -1, 8, 0, 0, -1, -1, -1
1 ,0, 2, 7, imageframe : -1, -1, -1, 8, 0, 0, -1, -1, -1
1 ,0, 2, 7, imageframe : -1, -1, -1, 8, 0, 0, -1, -1, -1
1 ,0, 2, 7, imageframe : -1, -1, -1, 8, 0, 0, -1, -1, -1
1 ,0, 2, 7, imageframe : -1, -1, -1, 8, 0, 0, -1, -1, -1
1 ,0, 2, 7, imageframe : -1, -1, -1, 8, 0, 0, -1, -1, -1
1 ,0, 2, 7, imageframe : -1, -1, -1, 8, 0, 0, -1, -1, -1
1 ,0, 2, 7, imageframe : -1, -1, -1, 8, 0, 0, -1, -1, -1
1 ,0, 2, 7, imageframe : -1, -1, -1, 8, 0, 0, -1, -1, -1
1 ,0, 2, 7, imageframe : -1, -1, -1, 8, 0, 0, -1, -1, -1
1 ,0, 2, 7, imageframe : -1, -1, -1, 8, 0, 0, -1, -1, -1
1 ,0, 2, 7, imageframe : -1, -1, -1, 8, 0, 0, -1, -1, -1
1 ,0, 2, 7, imageframe : -1, -1, -1, 8, 0, 0, -1, -1, -1
1 ,0, 2, 7, imageframe : -1, -1, -1, 8, 0, 0, -1, -1, -1
1 ,0, 2, 7, imageframe : -1, -1, -1, 8, 0, 0, -1, -1, -1
1 ,0, 2, 7, imageframe : -1, -1, -1, 8, 0, 0, -1, -1, -1
1 ,0, 2, 7, imageframe : -1, -1, -1, 8, 0, 0, -1, -1, -1
1 ,0, 2, 7, imageframe : -1, -1, -1, 8, 0, 0, -1, -1, -1
1 ,0, 2, 7, imageframe : -1, -1, -1, 8, 0, 0, -1, -1, -1
1 ,0, 2, 7, imageframe : -1, -1, -1, 8, 0, 0, -1, -1, -1
1 ,0, 2, 7, imageframe : -1, -1, -1, 8, 0, 0, -1, -1, -1
1 ,0, 2, 7, imageframe : -1, -1, -1, 8, 0, 0, -1, -1, -1
1 ,0, 2, 7, imageframe : -1, -1, -1, 8, 0, 0, -1, -1, -1
1 ,0, 2, 7, imageframe : -1, -1, -1, 8, 0, 0, -1, -1, -1
1 ,0, 2, 7, imageframe : -1, -1, -1, 8, 0, 0, -1, -1, -1
1 ,0, 2, 7, imageframe : -1, -1, -1, 10, 8, 0, -1, -1, -1
1 ,0, 2, 7, imageframe : -1, -1, -1, 10, 9, 0, -1, -1, -1
1 ,0, 2, 7, imageframe : -1, -1, -1, 10, 9, 0, -1, -1, -1
1 ,0, 2, 7, imageframe : -1, -1, -1, 10, 9, 0, -1, -1, -1
1 ,0, 2, 7, imageframe : -1, -1, -1, 10, 9, 0, -1, -1, -1
1 ,0, 2, 7, imageframe : -1, -1, -1, 10, 9, 0, -1, -1, -1
1 ,0, 2, 7, imageframe : -1, -1, -1, 10, 9, 0, -1, -1, -1
1 ,0, 2, 7, imageframe : -1, -1, -1, 10, 9, 0, -1, -1, -1
1 ,0, 2, 7, imageframe : -1, -1, -1, 10, 9, 0, -1, -1, -1
1 ,0, 2, 7, imageframe : -1, -1, -1, 10, 9, 0, -1, -1, -1
1 ,0, 2, 7, imageframe : -1, -1, -1, 10, 9, 0, -1, -1, -1
1 ,0, 2, 7, imageframe : -1, -1, -1, 10, 9, 0, -1, -1, -1
1 ,0, 2, 7, imageframe : -1, -1, -1, 10, 9, 0, -1, -1, -1
1 ,0, 2, 7, imageframe : -1, -1, -1, 10, 9, 0, -1, -1, -1
1 ,0, 2, 7, imageframe : -1, -1, -1, 10, 9, 0, -1, -1, -1
1 ,0, 2, 7, imageframe : -1, -1, -1, 10, 9, 0, -1, -1, -1
1 ,0, 2, 7, imageframe : -1, -1, -1, 10, 9, 0, -1, -1, -1
1 ,0, 2, 7, imageframe : -1, -1, -1, 10, 9, 0, -1, -1, -1
1 ,0, 2, 7, imageframe : -1, -1, -1, 10, 9, 0, -1, -1, -1
1 ,0, 2, 7, imageframe : -1, -1, -1, 10, 9, 0, -1, -1, -1
1 ,0, 2, 7, imageframe : -1, -1, -1, 10, 10, 0, -1, -1, -1
1 ,0, 2, 7, imageframe : -1, -1, -1, 8, 0, 0, -1, -1, -1
1 ,0, 2, 7, imageframe : -1, -1, -1, 8, 0, 0, -1, -1, -1
1 ,0, 2, 7, imageframe : -1, -1, -1, 8, 0, 0, -1, -1, -1
1 ,0, 2, 7, imageframe : -1, -1, -1, 8, 0, 0, -1, -1, -1
1 ,0, 2, 7, imageframe : -1, -1, -1, 10, 8, 1, -1, -1, -1
1 ,0, 2, 7, imageframe : -1, -1, -1, 10, 11, 6, -1, -1, -1
1 ,0, 2, 7, imageframe : 10, 8, 6, 10, 8, 6, -1, -1, -1
1 ,0, 2, 7, imageframe : -1, -1, -1, 10, 11, 6, -1, -1, -1
1 ,0, 2, 7, imageframe : -1, -1, -1, 10, 11, 6, -1, -1, -1
1 ,0, 2, 7, imageframe : -1, -1, -1, 10, 11, 6, -1, -1, -1
1 ,0, 2, 7, imageframe : -1, -1, -1, 10, 8, 6, -1, -1, -1
1 ,0, 2, 7, imageframe : -1, -1, -1, 10, 11, 6, -1, -1, -1
1 ,0, 2, 7, imageframe : -1, -1, -1, 10, 11, 6, -1, -1, -1
1 ,0, 2, 7, imageframe : -1, -1, -1, 10, 11, 6, -1, -1, -1
1 ,0, 2, 7, imageframe : -1, -1, -1, 10, 11, 6, -1, -1, -1
1 ,0, 2, 7, imageframe : -1, -1, -1, 10, 8, 6, -1, -1, -1
1 ,0, 2, 7, imageframe : -1, -1, -1, 10, 11, 6, -1, -1, -1
1 ,0, 2, 7, imageframe : -1, -1, -1, 10, 11, 6, -1, -1, -1
1 ,0, 2, 7, imageframe : -1, -1, -1, 10, 11, 6, -1, -1, -1
1 ,0, 2, 7, imageframe : -1, -1, -1, 10, 11, 6, -1, -1, -1
1 ,0, 2, 7, imageframe : -1, -1, -1, 10, 8, 6, -1, -1, -1
1 ,0, 2, 7, imageframe : -1, -1, -1, 10, 11, 6, -1, -1, -1
1 ,0, 2, 7, imageframe : -1, -1, -1, 10, 11, 6, -1, -1, -1
1 ,0, 2, 7, imageframe : -1, -1, -1, 10, 11, 6, -1, -1, -1
1 ,0, 2, 7, imageframe : -1, -1, -1, 10, 10, 1, -1, -1, -1
1 ,0, 2, 7, imageframe : -1, -1, -1, 8, 0, 0, -1, -1, -1
1 ,0, 2, 7, imageframe : -1, -1, -1, 8, 0, 0, -1, -1, -1
1 ,0, 2, 7, imageframe : -1, -1, -1, 8, 0, 0, -1, -1, -1
1 ,0, 2, 7, imageframe : -1, -1, -1, 8, 0, 0, -1, -1, -1
1 ,0, 2, 7, imageframe : -1, -1, -1, 10, 8, 1, -1, -1, -1
1 ,0, 2, 7, imageframe : -1, -1, -1, 10, 11, 7, -1, -1, -1
1 ,0, 2, 7, imageframe : -1, -1, -1, 10, 11, 7, -1, -1, -1
1 ,0, 3, 7, imageframe : -1, -1, -1, 10, 11, 7, 9, 6, 5
1 ,0, 3, 7, imageframe : -1, -1, -1, 10, 11, 7, 9, 7, 5
1 ,0, 2, 7, imageframe : -1, -1, -1, 10, 11, 7, -1, -1, -1
1 ,0, 2, 7, imageframe : -1, -1, -1, 10, 11, 7, -1, -1, -1
1 ,0, 2, 7, imageframe : -1, -1, -1, 10, 8, 7, -1, -1, -1
1 ,0, 3, 7, imageframe : -1, -1, -1, 10, 9, 7, 9, 6, 0
1 ,0, 3, 7, imageframe : -1, -1, -1, 10, 9, 7, 9, 7, 0
1 ,0, 3, 7, imageframe : -1, -1, -1, 10, 9, 7, 9, 7, 0
1 ,0, 3, 7, imageframe : -1, -1, -1, 10, 9, 7, 9, 7, 0
1 ,0, 3, 7, imageframe : -1, -1, -1, 10, 9, 7, 9, 7, 0
1 ,0, 3, 7, imageframe : -1, -1, -1, 10, 9, 7, 9, 7, 0
1 ,0, 3, 7, imageframe : -1, -1, -1, 10, 9, 7, 9, 7, 0
1 ,0, 3, 7, imageframe : -1, -1, -1, 10, 9, 7, 9, 7, 0
1 ,0, 3, 7, imageframe : -1, -1, -1, 10, 9, 7, 9, 7, 0
1 ,0, 3, 7, imageframe : -1, -1, -1, 10, 9, 7, 9, 8, 0
1 ,0, 2, 7, imageframe : -1, -1, -1, 10, 10, 7, -1, -1, -1
1 ,0, 2, 2, imageframe : 0, 0, 0, 10, 11, 7, -1, -1, -1
1 ,0, 2, 7, imageframe : -1, -1, -1, 10, 10, 1, -1, -1, -1
1 ,0, 2, 7, imageframe : -1, -1, -1, 8, 0, 0, -1, -1, -1
1 ,0, 2, 7, imageframe : -1, -1, -1, 8, 0, 0, -1, -1, -1
1 ,0, 2, 7, imageframe : -1, -1, -1, 8, 0, 0, -1, -1, -1
1 ,0, 2, 7, imageframe : -1, -1, -1, 8, 0, 0, -1, -1, -1
1 ,0, 2, 7, imageframe : -1, -1, -1, 10, 8, 1, -1, -1, -1
1 ,0, 3, 7, imageframe : 10, 8, 3, -1, -1, -1, 9, 6, 2
1 ,0, 1, 3, imageframe : 10, 8, 3, -1, -1, -1, -1, -1, -1
1 ,0, 3, 7, imageframe : 10, 8, 3, -1, -1, -1, 9, 6, 6
1 ,0, 3, 7, imageframe : 10, 8, 3, -1, -1, -1, 9, 7, 6
1 ,0, 1, 3, imageframe : 10, 8, 3, -1, -1, -1, -1, -1, -1
1 ,0, 1, 3, imageframe : 10, 8, 3, -1, -1, -1, -1, -1, -1
1 ,0, 2, 7, imageframe : 10, 8, 3, 10, 8, 8, -1, -1, -1
1 ,0, 2, 7, imageframe : 10, 8, 3, 10, 9, 8, -1, -1, -1
1 ,0, 2, 7, imageframe : 10, 8, 3, 10, 9, 8, -1, -1, -1
1 ,0, 2, 7, imageframe : 10, 8, 3, 10, 9, 8, -1, -1, -1
1 ,0, 2, 7, imageframe : 10, 8, 3, 10, 9, 8, -1, -1, -1
1 ,0, 2, 7, imageframe : 10, 8, 3, 10, 9, 8, -1, -1, -1
1 ,0, 2, 7, imageframe : 10, 8, 3, 10, 9, 8, -1, -1, -1
1 ,0, 2, 7, imageframe : 10, 8, 3, 10, 9, 8, -1, -1, -1
1 ,0, 2, 7, imageframe : 10, 8, 3, 10, 9, 8, -1, -1, -1
1 ,0, 2, 7, imageframe : 10, 8, 3, 10, 9, 8, -1, -1, -1
1 ,0, 2, 7, imageframe : 10, 8, 3, 10, 9, 8, -1, -1, -1
1 ,0, 2, 7, imageframe : 10, 8, 3, 10, 10, 8, -1, -1, -1
1 ,0, 1, 3, imageframe : 10, 8, 3, -1, -1, -1, -1, -1, -1
1 ,0, 2, 7, imageframe : -1, -1, -1, 10, 10, 1, -1, -1, -1
1 ,0, 2, 7, imageframe : -1, -1, -1, 8, 0, 0, -1, -1, -1
1 ,0, 2, 7, imageframe : -1, -1, -1, 8, 0, 0, -1, -1, -1
1 ,0, 2, 7, imageframe : -1, -1, -1, 8, 0, 0, -1, -1, -1
1 ,0, 2, 7, imageframe : -1, -1, -1, 8, 0, 0, -1, -1, -1
1 ,0, 2, 7, imageframe : -1, -1, -1, 10, 8, 1, -1, -1, -1
1 ,0, 1, 3, imageframe : 10, 8, 3, -1, -1, -1, -1, -1, -1
1 ,0, 1, 3, imageframe : 10, 8, 3, -1, -1, -1, -1, -1, -1
1 ,0, 1, 3, imageframe : 10, 8, 3, -1, -1, -1, -1, -1, -1
1 ,0, 1, 3, imageframe : 10, 8, 3, -1, -1, -1, -1, -1, -1
1 ,0, 1, 3, imageframe : 10, 8, 3, -1, -1, -1, -1, -1, -1
1 ,0, 1, 3, imageframe : 10, 8, 3, -1, -1, -1, -1, -1, -1
1 ,0, 1, 3, imageframe : 10, 8, 3, -1, -1, -1, -1, -1, -1
1 ,0, 1, 3, imageframe : 10, 8, 3, -1, -1, -1, -1, -1, -1
1 ,0, 1, 3, imageframe : 10, 8, 3, -1, -1, -1, -1, -1, -1
1 ,0, 1, 3, imageframe : 10, 8, 3, -1, -1, -1, -1, -1, -1
1 ,0, 1, 3, imageframe : 10, 8, 3, -1, -1, -1, -1, -1, -1
1 ,0, 1, 3, imageframe : 10, 8, 3, -1, -1, -1, -1, -1, -1
1 ,0, 1, 3, imageframe : 10, 8, 3, -1, -1, -1, -1, -1, -1
1 ,0, 1, 3, imageframe : 10, 8, 3, -1, -1, -1, -1, -1, -1
1 ,0, 1, 3, imageframe : 10, 8, 3, -1, -1, -1, -1, -1, -1
1 ,0, 1, 3, imageframe : 10, 8, 3, -1, -1, -1, -1, -1, -1
1 ,0, 1, 3, imageframe : 10, 8, 3, -1, -1, -1, -1, -1, -1
1 ,0, 1, 3, imageframe : 10, 8, 3, -1, -1, -1, -1, -1, -1
1 ,0, 1, 3, imageframe : 10, 8, 3, -1, -1, -1, -1, -1, -1
1 ,0, 2, 7, imageframe : -1, -1, -1, 10, 10, 1, -1, -1, -1
1 ,0, 2, 7, imageframe : -1, -1, -1, 8, 0, 0, -1, -1, -1
1 ,0, 2, 7, imageframe : -1, -1, -1, 8, 0, 0, -1, -1, -1
1 ,0, 2, 7, imageframe : -1, -1, -1, 8, 0, 0, -1, -1, -1
1 ,0, 2, 7, imageframe : -1, -1, -1, 8, 0, 0, -1, -1, -1
1 ,0, 2, 7, imageframe : -1, -1, -1, 10, 8, 1, -1, -1, -1
1 ,0, 1, 3, imageframe : 10, 8, 3, -1, -1, -1, -1, -1, -1
1 ,0, 1, 3, imageframe : 10, 9, 6, -1, -1, -1, -1, -1, -1
1 ,0, 1, 3, imageframe : 10, 8, 3, -1, -1, -1, -1, -1, -1
1 ,0, 1, 3, imageframe : 10, 8, 3, -1, -1, -1, -1, -1, -1
1 ,0, 1, 3, imageframe : 10, 8, 3, -1, -1, -1, -1, -1, -1
1 ,0, 1, 3, imageframe : 10, 9, 6, -1, -1, -1, -1, -1, -1
1 ,0, 1, 3, imageframe : 10, 8, 3, -1, -1, -1, -1, -1, -1
1 ,0, 1, 3, imageframe : 10, 8, 3, -1, -1, -1, -1, -1, -1
1 ,0, 1, 3, imageframe : 10, 8, 3, -1, -1, -1, -1, -1, -1
1 ,0, 1, 3, imageframe : 10, 8, 3, -1, -1, -1, -1, -1, -1
1 ,0, 1, 3, imageframe : 10, 9, 6, -1, -1, -1, -1, -1, -1
1 ,0, 1, 3, imageframe : 10, 8, 3, -1, -1, -1, -1, -1, -1
1 ,0, 1, 3, imageframe : 10, 8, 3, -1, -1, -1, -1, -1, -1
1 ,0, 1, 3, imageframe : 10, 8, 3, -1, -1, -1, -1, -1, -1
1 ,0, 1, 3, imageframe : 10, 8, 3, -1, -1, -1, -1, -1, -1
1 ,0, 1, 3, imageframe : 10, 9, 6, -1, -1, -1, -1, -1, -1
1 ,0, 1, 3, imageframe : 10, 8, 3, -1, -1, -1, -1, -1, -1
1 ,0, 1, 3, imageframe : 10, 8, 3, -1, -1, -1, -1, -1, -1
1 ,0, 2, 7, imageframe : 10, 8, 3, 9, 8, 2, -1, -1, -1
1 ,0, 2, 7, imageframe : -1, -1, -1, 10, 10, 1, -1, -1, -1
1 ,0, 2, 7, imageframe : -1, -1, -1, 8, 0, 0, -1, -1, -1
1 ,0, 2, 7, imageframe : -1, -1, -1, 8, 0, 0, -1, -1, -1
1 ,0, 2, 7, imageframe : -1, -1, -1, 8, 0, 0, -1, -1, -1
1 ,0, 2, 7, imageframe : -1, -1, -1, 8, 0, 0, -1, -1, -1
1 ,0, 2, 7, imageframe : -1, -1, -1, 10, 8, 1, -1, -1, -1
1 ,0, 1, 3, imageframe : 10, 8, 3, -1, -1, -1, -1, -1, -1
1 ,0, 1, 3, imageframe : 10, 8, 3, -1, -1, -1, -1, -1, -1
1 ,0, 1, 3, imageframe : 10, 8, 3, -1, -1, -1, -1, -1, -1
1 ,0, 1, 3, imageframe : 10, 8, 3, -1, -1, -1, -1, -1, -1
1 ,0, 1, 3, imageframe : 10, 8, 3, -1, -1, -1, -1, -1, -1
1 ,0, 1, 3, imageframe : 10, 8, 3, -1, -1, -1, -1, -1, -1
1 ,0, 1, 3, imageframe : 10, 8, 3, -1, -1, -1, -1, -1, -1
1 ,0, 1, 3, imageframe : 10, 8, 3, -1, -1, -1, -1, -1, -1
1 ,0, 1, 3, imageframe : 10, 8, 3, -1, -1, -1, -1, -1, -1
1 ,0, 1, 3, imageframe : 10, 8, 3, -1, -1, -1, -1, -1, -1
1 ,0, 1, 3, imageframe : 10, 8, 3, -1, -1, -1, -1, -1, -1
1 ,0, 1, 3, imageframe : 10, 8, 3, -1, -1, -1, -1, -1, -1
1 ,0, 1, 3, imageframe : 10, 8, 3, -1, -1, -1, -1, -1, -1
1 ,0, 1, 3, imageframe : 10, 8, 3, -1, -1, -1, -1, -1, -1
1 ,0, 1, 3, imageframe : 10, 8, 3, -1, -1, -1, -1, -1, -1
1 ,0, 1, 3, imageframe : 10, 8, 3, -1, -1, -1, -1, -1, -1
1 ,0, 1, 3, imageframe : 10, 8, 3, -1, -1, -1, -1, -1, -1
1 ,0, 1, 3, imageframe : 10, 8, 3, -1, -1, -1, -1, -1, -1
1 ,0, 2, 7, imageframe : 10, 8, 3, 9, 8, 3, -1, -1, -1
1 ,0, 2, 7, imageframe : -1, -1, -1, 10, 10, 1, -1, -1, -1
1 ,0, 2, 7, imageframe : -1, -1, -1, 8, 0, 0, -1, -1, -1
1 ,0, 2, 7, imageframe : -1, -1, -1, 8, 0, 0, -1, -1, -1
1 ,0, 2, 7, imageframe : -1, -1, -1, 8, 0, 0, -1, -1, -1
1 ,0, 2, 7, imageframe : -1, -1, -1, 8, 0, 0, -1, -1, -1
1 ,0, 2, 7, imageframe : 10, 8, 3, 10, 8, 1, -1, -1, -1
1 ,0, 1, 3, imageframe : 10, 8, 3, -1, -1, -1, -1, -1, -1
1 ,0, 1, 3, imageframe : 10, 8, 3, -1, -1, -1, -1, -1, -1
1 ,0, 1, 3, imageframe : 10, 8, 3, -1, -1, -1, -1, -1, -1
1 ,0, 1, 3, imageframe : 10, 8, 3, -1, -1, -1, -1, -1, -1
1 ,0, 1, 3, imageframe : 10, 8, 3, -1, -1, -1, -1, -1, -1
1 ,0, 1, 3, imageframe : 10, 8, 3, -1, -1, -1, -1, -1, -1
1 ,0, 1, 3, imageframe : 10, 8, 3, -1, -1, -1, -1, -1, -1
1 ,0, 1, 3, imageframe : 10, 8, 3, -1, -1, -1, -1, -1, -1
1 ,0, 1, 3, imageframe : 10, 8, 3, -1, -1, -1, -1, -1, -1
1 ,0, 1, 3, imageframe : 10, 9, 3, -1, -1, -1, -1, -1, -1
1 ,0, 1, 3, imageframe : 10, 10, 3, -1, -1, -1, -1, -1, -1
1 ,0, 1, 3, imageframe : 10, 10, 3, -1, -1, -1, -1, -1, -1
1 ,0, 1, 3, imageframe : 10, 10, 3, -1, -1, -1, -1, -1, -1
1 ,0, 1, 3, imageframe : 10, 10, 3, -1, -1, -1, -1, -1, -1
1 ,0, 1, 3, imageframe : 10, 10, 3, -1, -1, -1, -1, -1, -1
1 ,0, 1, 3, imageframe : 10, 10, 3, -1, -1, -1, -1, -1, -1
1 ,0, 1, 3, imageframe : 10, 11, 3, -1, -1, -1, -1, -1, -1
1 ,0, 1, 3, imageframe : 10, 8, 3, -1, -1, -1, -1, -1, -1
1 ,0, 1, 3, imageframe : 10, 8, 3, -1, -1, -1, -1, -1, -1
1 ,0, 2, 7, imageframe : -1, -1, -1, 10, 10, 1, -1, -1, -1
1 ,0, 2, 7, imageframe : -1, -1, -1, 8, 0, 0, -1, -1, -1
1 ,0, 2, 7, imageframe : -1, -1, -1, 8, 0, 0, -1, -1, -1
1 ,0, 2, 7, imageframe : -1, -1, -1, 8, 0, 0, -1, -1, -1
1 ,0, 2, 7, imageframe : -1, -1, -1, 8, 0, 0, -1, -1, -1
1 ,0, 2, 7, imageframe : 10, 8, 3, 10, 8, 1, -1, -1, -1
1 ,0, 1, 3, imageframe : 10, 9, 3, -1, -1, -1, -1, -1, -1
1 ,0, 1, 3, imageframe : 10, 10, 3, -1, -1, -1, -1, -1, -1
1 ,0, 1, 3, imageframe : 10, 10, 3, -1, -1, -1, -1, -1, -1
1 ,0, 1, 3, imageframe : 10, 11, 3, -1, -1, -1, -1, -1, -1
1 ,0, 1, 3, imageframe : 10, 8, 3, -1, -1, -1, -1, -1, -1
1 ,0, 1, 3, imageframe : 10, 8, 3, -1, -1, -1, -1, -1, -1
1 ,0, 1, 3, imageframe : 10, 8, 3, -1, -1, -1, -1, -1, -1
1 ,0, 1, 3, imageframe : 10, 8, 3, -1, -1, -1, -1, -1, -1
1 ,0, 1, 3, imageframe : 10, 8, 3, -1, -1, -1, -1, -1, -1
1 ,0, 1, 3, imageframe : 10, 9, 4, -1, -1, -1, -1, -1, -1
1 ,0, 1, 3, imageframe : 10, 10, 4, -1, -1, -1, -1, -1, -1
1 ,0, 1, 3, imageframe : 10, 10, 4, -1, -1, -1, -1, -1, -1
1 ,0, 1, 3, imageframe : 10, 10, 4, -1, -1, -1, -1, -1, -1
1 ,0, 1, 3, imageframe : 10, 10, 4, -1, -1, -1, -1, -1, -1
1 ,0, 1, 3, imageframe : 10, 10, 4, -1, -1, -1, -1, -1, -1
1 ,0, 1, 3, imageframe : 10, 10, 4, -1, -1, -1, -1, -1, -1
1 ,0, 1, 3, imageframe : 10, 11, 4, -1, -1, -1, -1, -1, -1
1 ,0, 1, 3, imageframe : 10, 8, 3, -1, -1, -1, -1, -1, -1
1 ,0, 1, 3, imageframe : 10, 8, 3, -1, -1, -1, -1, -1, -1
1 ,0, 2, 7, imageframe : -1, -1, -1, 10, 10, 1, -1, -1, -1
1 ,0, 2, 7, imageframe : -1, -1, -1, 8, 0, 0, -1, -1, -1
1 ,0, 2, 7, imageframe : -1, -1, -1, 8, 0, 0, -1, -1, -1
1 ,0, 2, 7, imageframe : -1, -1, -1, 8, 0, 0, -1, -1, -1
1 ,0, 2, 7, imageframe : -1, -1, -1, 8, 0, 0, -1, -1, -1
1 ,0, 2, 7, imageframe : -1, -1, -1, 10, 8, 1, -1, -1, -1
1 ,0, 1, 3, imageframe : 10, 9, 4, -1, -1, -1, -1, -1, -1
1 ,0, 1, 3, imageframe : 10, 10, 4, -1, -1, -1, -1, -1, -1
1 ,0, 1, 3, imageframe : 10, 10, 4, -1, -1, -1, -1, -1, -1
1 ,0, 1, 3, imageframe : 10, 11, 4, -1, -1, -1, -1, -1, -1
1 ,0, 1, 3, imageframe : 10, 8, 3, -1, -1, -1, -1, -1, -1
1 ,0, 1, 3, imageframe : 10, 8, 3, -1, -1, -1, -1, -1, -1
1 ,0, 1, 3, imageframe : 10, 8, 3, -1, -1, -1, -1, -1, -1
1 ,0, 1, 3, imageframe : 10, 8, 3, -1, -1, -1, -1, -1, -1
1 ,0, 1, 3, imageframe : 10, 8, 3, -1, -1, -1, -1, -1, -1
1 ,0, 1, 3, imageframe : 10, 9, 4, -1, -1, -1, -1, -1, -1
1 ,0, 1, 3, imageframe : 10, 10, 4, -1, -1, -1, -1, -1, -1
1 ,0, 1, 3, imageframe : 10, 10, 4, -1, -1, -1, -1, -1, -1
1 ,0, 1, 3, imageframe : 10, 10, 4, -1, -1, -1, -1, -1, -1
1 ,0, 1, 3, imageframe : 10, 10, 4, -1, -1, -1, -1, -1, -1
1 ,0, 1, 3, imageframe : 10, 10, 4, -1, -1, -1, -1, -1, -1
1 ,0, 1, 3, imageframe : 10, 10, 4, -1, -1, -1, -1, -1, -1
1 ,0, 1, 3, imageframe : 10, 11, 4, -1, -1, -1, -1, -1, -1
1 ,0, 1, 3, imageframe : 10, 8, 3, -1, -1, -1, -1, -1, -1
1 ,0, 1, 3, imageframe : 10, 8, 3, -1, -1, -1, -1, -1, -1
1 ,0, 2, 7, imageframe : -1, -1, -1, 10, 10, 1, -1, -1, -1
1 ,0, 2, 7, imageframe : -1, -1, -1, 8, 0, 0, -1, -1, -1
1 ,0, 2, 7, imageframe : -1, -1, -1, 8, 0, 0, -1, -1, -1
1 ,0, 2, 7, imageframe : -1, -1, -1, 8, 0, 0, -1, -1, -1
1 ,0, 2, 7, imageframe : -1, -1, -1, 8, 0, 0, -1, -1, -1
1 ,0, 2, 7, imageframe : -1, -1, -1, 10, 8, 1, -1, -1, -1
1 ,0, 1, 3, imageframe : 10, 9, 4, -1, -1, -1, -1, -1, -1
1 ,0, 1, 3, imageframe : 10, 10, 4, -1, -1, -1, -1, -1, -1
1 ,0, 1, 3, imageframe : 10, 10, 4, -1, -1, -1, -1, -1, -1
1 ,0, 1, 3, imageframe : 10, 11, 4, -1, -1, -1, -1, -1, -1
1 ,0, 1, 3, imageframe : 10, 8, 3, -1, -1, -1, -1, -1, -1
1 ,0, 1, 3, imageframe : 10, 8, 3, -1, -1, -1, -1, -1, -1
1 ,0, 1, 3, imageframe : 10, 8, 3, -1, -1, -1, -1, -1, -1
1 ,0, 1, 3, imageframe : 10, 8, 3, -1, -1, -1, -1, -1, -1
1 ,0, 1, 3, imageframe : 10, 8, 3, -1, -1, -1, -1, -1, -1
1 ,0, 1, 3, imageframe : 10, 9, 4, -1, -1, -1, -1, -1, -1
1 ,0, 1, 3, imageframe : 10, 10, 4, -1, -1, -1, -1, -1, -1
1 ,0, 1, 3, imageframe : 10, 10, 4, -1, -1, -1, -1, -1, -1
1 ,0, 1, 3, imageframe : 10, 10, 4, -1, -1, -1, -1, -1, -1
1 ,0, 1, 3, imageframe : 10, 10, 4, -1, -1, -1, -1, -1, -1
1 ,0, 1, 3, imageframe : 10, 10, 4, -1, -1, -1, -1, -1, -1
1 ,0, 1, 3, imageframe : 10, 10, 4, -1, -1, -1, -1, -1, -1
1 ,0, 1, 3, imageframe : 10, 11, 4, -1, -1, -1, -1, -1, -1
1 ,0, 1, 3, imageframe : 10, 8, 3, -1, -1, -1, -1, -1, -1
1 ,0, 1, 3, imageframe : 10, 8, 3, -1, -1, -1, -1, -1, -1
1 ,0, 2, 7, imageframe : -1, -1, -1, 10, 10, 1, -1, -1, -1
1 ,0, 2, 7, imageframe : -1, -1, -1, 8, 0, 0, -1, -1, -1
1 ,0, 2, 7, imageframe : -1, -1, -1, 8, 0, 0, -1, -1, -1
1 ,0, 2, 7, imageframe : -1, -1, -1, 8, 0, 0, -1, -1, -1
1 ,0, 2, 7, imageframe : -1, -1, -1, 8, 0, 0, -1, -1, -1
1 ,0, 2, 7, imageframe : -1, -1, -1, 10, 8, 1, -1, -1, -1
1 ,0, 1, 3, imageframe : 10, 9, 4, -1, -1, -1, -1, -1, -1
1 ,0, 1, 3, imageframe : 10, 10, 4, -1, -1, -1, -1, -1, -1
1 ,0, 1, 3, imageframe : 10, 10, 4, -1, -1, -1, -1, -1, -1
1 ,0, 1, 3, imageframe : 10, 11, 4, -1, -1, -1, -1, -1, -1
1 ,0, 1, 3, imageframe : 10, 8, 3, -1, -1, -1, -1, -1, -1
1 ,0, 1, 3, imageframe : 10, 8, 3, -1, -1, -1, -1, -1, -1
1 ,0, 1, 3, imageframe : 10, 8, 3, -1, -1, -1, -1, -1, -1
1 ,0, 1, 3, imageframe : 10, 8, 3, -1, -1, -1, -1, -1, -1
1 ,0, 1, 3, imageframe : 10, 8, 3, -1, -1, -1, -1, -1, -1
1 ,0, 1, 3, imageframe : 10, 9, 4, -1, -1, -1, -1, -1, -1
1 ,0, 1, 3, imageframe : 10, 10, 4, -1, -1, -1, -1, -1, -1
1 ,0, 1, 3, imageframe : 10, 10, 4, -1, -1, -1, -1, -1, -1
1 ,0, 1, 3, imageframe : 10, 10, 4, -1, -1, -1, -1, -1, -1
1 ,0, 1, 3, imageframe : 10, 10, 4, -1, -1, -1, -1, -1, -1
1 ,0, 1, 3, imageframe : 10, 10, 4, -1, -1, -1, -1, -1, -1
1 ,0, 1, 3, imageframe : 10, 10, 4, -1, -1, -1, -1, -1, -1
1 ,0, 1, 3, imageframe : 10, 11, 4, -1, -1, -1, -1, -1, -1
1 ,0, 1, 3, imageframe : 10, 8, 3, -1, -1, -1, -1, -1, -1
1 ,0, 1, 3, imageframe : 10, 8, 3, -1, -1, -1, -1, -1, -1
1 ,0, 2, 7, imageframe : -1, -1, -1, 10, 10, 1, -1, -1, -1
1 ,0, 2, 7, imageframe : -1, -1, -1, 8, 0, 0, -1, -1, -1
1 ,0, 2, 7, imageframe : -1, -1, -1, 8, 0, 0, -1, -1, -1
1 ,0, 2, 7, imageframe : -1, -1, -1, 8, 0, 0, -1, -1, -1
1 ,0, 2, 7, imageframe : -1, -1, -1, 8, 0, 0, -1, -1, -1
1 ,0, 2, 7, imageframe : -1, -1, -1, 10, 8, 1, -1, -1, -1
1 ,0, 1, 3, imageframe : 10, 9, 5, -1, -1, -1, -1, -1, -1
1 ,0, 1, 3, imageframe : 10, 10, 5, -1, -1, -1, -1, -1, -1
1 ,0, 1, 3, imageframe : 10, 10, 5, -1, -1, -1, -1, -1, -1
1 ,0, 1, 3, imageframe : 10, 11, 5, -1, -1, -1, -1, -1, -1
1 ,0, 1, 3, imageframe : 10, 8, 3, -1, -1, -1, -1, -1, -1
1 ,0, 1, 3, imageframe : 10, 8, 3, -1, -1, -1, -1, -1, -1
1 ,0, 1, 3, imageframe : 10, 8, 3, -1, -1, -1, -1, -1, -1
1 ,0, 1, 3, imageframe : 10, 8, 3, -1, -1, -1, -1, -1, -1
1 ,0, 1, 3, imageframe : 10, 8, 3, -1, -1, -1, -1, -1, -1
1 ,0, 1, 3, imageframe : 10, 9, 4, -1, -1, -1, -1, -1, -1
1 ,0, 1, 3, imageframe : 10, 10, 4, -1, -1, -1, -1, -1, -1
1 ,0, 1, 3, imageframe : 10, 10, 4, -1, -1, -1, -1, -1, -1
1 ,0, 1, 3, imageframe : 10, 10, 4, -1, -1, -1, -1, -1, -1
1 ,0, 1, 3, imageframe : 10, 10, 4, -1, -1, -1, -1, -1, -1
1 ,0, 1, 3, imageframe : 10, 10, 4, -1, -1, -1, -1, -1, -1
1 ,0, 1, 3, imageframe : 10, 10, 4, -1, -1, -1, -1, -1, -1
1 ,0, 1, 3, imageframe : 10, 11, 4, -1, -1, -1, -1, -1, -1
1 ,0, 1, 3, imageframe : 10, 8, 3, -1, -1, -1, -1, -1, -1
1 ,0, 1, 3, imageframe : 10, 8, 3, -1, -1, -1, -1, -1, -1
1 ,0, 2, 7, imageframe : -1, -1, -1, 10, 10, 1, -1, -1, -1
1 ,0, 2, 7, imageframe : -1, -1, -1, 8, 0, 0, -1, -1, -1
1 ,0, 2, 7, imageframe : -1, -1, -1, 8, 0, 0, -1, -1, -1
1 ,0, 2, 7, imageframe : -1, -1, -1, 8, 0, 0, -1, -1, -1
1 ,0, 2, 7, imageframe : -1, -1, -1, 8, 0, 0, -1, -1, -1
1 ,0, 2, 7, imageframe : -1, -1, -1, 10, 8, 1, -1, -1, -1
1 ,0, 1, 3, imageframe : 10, 8, 3, -1, -1, -1, -1, -1, -1
1 ,0, 1, 3, imageframe : 10, 8, 3, -1, -1, -1, -1, -1, -1
1 ,0, 1, 3, imageframe : 10, 8, 3, -1, -1, -1, -1, -1, -1
1 ,0, 1, 3, imageframe : 10, 8, 3, -1, -1, -1, -1, -1, -1
1 ,0, 1, 3, imageframe : 10, 8, 3, -1, -1, -1, -1, -1, -1
1 ,0, 1, 3, imageframe : 10, 8, 3, -1, -1, -1, -1, -1, -1
1 ,0, 2, 3, imageframe : 10, 8, 3, -1, -1, -1, -1, -1, -1
1 ,0, 1, 3, imageframe : 10, 8, 3, -1, -1, -1, -1, -1, -1
1 ,0, 1, 3, imageframe : 10, 8, 3, -1, -1, -1, -1, -1, -1
1 ,0, 1, 3, imageframe : 10, 9, 5, -1, -1, -1, -1, -1, -1
1 ,0, 1, 3, imageframe : 10, 10, 5, -1, -1, -1, -1, -1, -1
1 ,0, 1, 3, imageframe : 10, 10, 5, -1, -1, -1, -1, -1, -1
1 ,0, 2, 3, imageframe : 10, 10, 5, -1, -1, -1, -1, -1, -1
1 ,0, 2, 3, imageframe : 10, 10, 5, -1, -1, -1, -1, -1, -1
1 ,0, 1, 3, imageframe : 10, 10, 5, -1, -1, -1, -1, -1, -1
1 ,0, 1, 3, imageframe : 10, 10, 5, -1, -1, -1, -1, -1, -1
1 ,0, 1, 3, imageframe : 10, 11, 5, -1, -1, -1, -1, -1, -1
1 ,0, 1, 3, imageframe : 10, 8, 3, -1, -1, -1, -1, -1, -1
1 ,0, 1, 3, imageframe : 10, 8, 3, -1, -1, -1, -1, -1, -1
1 ,0, 2, 7, imageframe : -1, -1, -1, 10, 10, 1, -1, -1, -1
1 ,0, 2, 7, imageframe : -1, -1, -1, 8, 0, 0, -1, -1, -1
1 ,0, 2, 7, imageframe : -1, -1, -1, 8, 0, 0, -1, -1, -1
1 ,0, 2, 7, imageframe : -1, -1, -1, 8, 0, 0, -1, -1, -1
1 ,0, 2, 7, imageframe : -1, -1, -1, 8, 0, 0, -1, -1, -1
1 ,0, 2, 7, imageframe : -1, -1, -1, 10, 8, 1, -1, -1, -1
1 ,0, 1, 3, imageframe : 10, 8, 3, -1, -1, -1, -1, -1, -1
1 ,0, 1, 3, imageframe : 10, 8, 3, -1, -1, -1, -1, -1, -1
1 ,0, 1, 3, imageframe : 10, 8, 3, -1, -1, -1, -1, -1, -1
1 ,0, 1, 3, imageframe : 10, 8, 3, -1, -1, -1, -1, -1, -1
1 ,0, 1, 3, imageframe : 10, 8, 3, -1, -1, -1, -1, -1, -1
1 ,0, 1, 3, imageframe : 10, 8, 3, -1, -1, -1, -1, -1, -1
1 ,0, 1, 3, imageframe : 10, 8, 3, -1, -1, -1, -1, -1, -1
1 ,0, 1, 3, imageframe : 10, 8, 3, -1, -1, -1, -1, -1, -1
1 ,0, 1, 3, imageframe : 10, 8, 3, -1, -1, -1, -1, -1, -1
1 ,0, 1, 3, imageframe : 10, 8, 3, -1, -1, -1, -1, -1, -1
1 ,0, 1, 3, imageframe : 10, 8, 3, -1, -1, -1, -1, -1, -1
1 ,0, 1, 3, imageframe : 10, 8, 3, -1, -1, -1, -1, -1, -1
1 ,0, 1, 3, imageframe : 10, 8, 3, -1, -1, -1, -1, -1, -1
1 ,0, 1, 3, imageframe : 10, 8, 3, -1, -1, -1, -1, -1, -1
1 ,0, 1, 3, imageframe : 10, 8, 3, -1, -1, -1, -1, -1, -1
1 ,0, 1, 3, imageframe : 10, 8, 3, -1, -1, -1, -1, -1, -1
1 ,0, 1, 3, imageframe : 10, 8, 3, -1, -1, -1, -1, -1, -1
1 ,0, 1, 3, imageframe : 10, 8, 3, -1, -1, -1, -1, -1, -1
1 ,0, 3, 3, imageframe : 10, 8, 3, -1, -1, -1, 9, 2, 3
1 ,0, 2, 7, imageframe : -1, -1, -1, 10, 10, 1, -1, -1, -1
1 ,0, 2, 7, imageframe : -1, -1, -1, 8, 0, 0, -1, -1, -1
1 ,0, 2, 7, imageframe : -1, -1, -1, 8, 0, 0, -1, -1, -1
1 ,0, 2, 7, imageframe : -1, -1, -1, 8, 0, 0, -1, -1, -1
1 ,0, 2, 7, imageframe : -1, -1, -1, 8, 0, 0, -1, -1, -1
1 ,0, 2, 7, imageframe : -1, -1, -1, 10, 8, 1, -1, -1, -1
1 ,0, 1, 3, imageframe : 10, 8, 3, -1, -1, -1, -1, -1, -1
1 ,0, 1, 3, imageframe : 10, 8, 3, -1, -1, -1, -1, -1, -1
1 ,0, 1, 3, imageframe : 10, 8, 3, -1, -1, -1, -1, -1, -1
1 ,0, 1, 3, imageframe : 10, 8, 3, -1, -1, -1, -1, -1, -1
1 ,0, 1, 3, imageframe : 10, 8, 3, -1, -1, -1, -1, -1, -1
1 ,0, 1, 3, imageframe : 10, 8, 3, -1, -1, -1, -1, -1, -1
1 ,0, 1, 3, imageframe : 10, 8, 3, -1, -1, -1, -1, -1, -1
1 ,0, 1, 3, imageframe : 10, 8, 3, -1, -1, -1, -1, -1, -1
1 ,0, 2, 3, imageframe : 10, 8, 3, -1, -1, -1, -1, -1, -1
1 ,0, 1, 3, imageframe : 10, 8, 3, -1, -1, -1, -1, -1, -1
1 ,0, 1, 3, imageframe : 10, 8, 3, -1, -1, -1, -1, -1, -1
1 ,0, 1, 3, imageframe : 10, 8, 3, -1, -1, -1, -1, -1, -1
1 ,0, 1, 3, imageframe : 10, 8, 3, -1, -1, -1, -1, -1, -1
1 ,0, 1, 3, imageframe : 10, 8, 3, -1, -1, -1, -1, -1, -1
1 ,0, 1, 3, imageframe : 10, 8, 3, -1, -1, -1, -1, -1, -1
1 ,0, 1, 3, imageframe : 10, 8, 3, -1, -1, -1, -1, -1, -1
1 ,0, 1, 3, imageframe : 10, 8, 3, -1, -1, -1, -1, -1, -1
1 ,0, 1, 3, imageframe : 10, 8, 3, -1, -1, -1, -1, -1, -1
1 ,0, 3, 7, imageframe : 10, 8, 3, 9, 2, 4, -1, -1, -1
1 ,0, 2, 7, imageframe : 10, 8, 3, 10, 10, 1, -1, -1, -1
1 ,0, 2, 7, imageframe : -1, -1, -1, 8, 0, 0, -1, -1, -1
1 ,0, 2, 7, imageframe : -1, -1, -1, 8, 0, 0, -1, -1, -1
1 ,0, 2, 7, imageframe : -1, -1, -1, 8, 0, 0, -1, -1, -1
1 ,0, 2, 7, imageframe : -1, -1, -1, 8, 0, 0, -1, -1, -1
1 ,0, 2, 7, imageframe : -1, -1, -1, 10, 8, 1, -1, -1, -1
1 ,0, 1, 3, imageframe : 10, 8, 3, -1, -1, -1, -1, -1, -1
1 ,0, 1, 3, imageframe : 10, 8, 3, -1, -1, -1, -1, -1, -1
1 ,0, 1, 3, imageframe : 10, 8, 3, -1, -1, -1, -1, -1, -1
1 ,0, 3, 3, imageframe : 10, 8, 3, -1, -1, -1, -1, -1, -1
1 ,0, 1, 3, imageframe : 10, 8, 3, -1, -1, -1, -1, -1, -1
1 ,0, 1, 3, imageframe : 10, 8, 3, -1, -1, -1, -1, -1, -1
1 ,0, 1, 3, imageframe : 10, 8, 3, -1, -1, -1, -1, -1, -1
1 ,0, 1, 3, imageframe : 10, 8, 3, -1, -1, -1, -1, -1, -1
1 ,0, 2, 3, imageframe : 10, 8, 3, -1, -1, -1, -1, -1, -1
1 ,0, 1, 3, imageframe : 10, 8, 3, -1, -1, -1, -1, -1, -1
1 ,0, 1, 3, imageframe : 10, 8, 3, -1, -1, -1, -1, -1, -1
1 ,0, 1, 3, imageframe : 10, 8, 3, -1, -1, -1, -1, -1, -1
1 ,0, 1, 3, imageframe : 10, 8, 3, -1, -1, -1, -1, -1, -1
1 ,0, 1, 3, imageframe : 10, 8, 3, -1, -1, -1, -1, -1, -1
1 ,0, 1, 3, imageframe : 10, 8, 3, -1, -1, -1, -1, -1, -1
1 ,0, 1, 3, imageframe : 10, 8, 3, -1, -1, -1, -1, -1, -1
1 ,0, 1, 3, imageframe : 10, 8, 3, -1, -1, -1, -1, -1, -1
1 ,0, 1, 3, imageframe : 10, 8, 3, -1, -1, -1, -1, -1, -1
1 ,0, 1, 3, imageframe : 10, 8, 3, -1, -1, -1, -1, -1, -1
1 ,0, 2, 7, imageframe : -1, -1, -1, 10, 10, 1, -1, -1, -1
1 ,0, 2, 7, imageframe : -1, -1, -1, 8, 0, 0, -1, -1, -1
1 ,0, 2, 7, imageframe : -1, -1, -1, 8, 0, 0, -1, -1, -1
1 ,0, 2, 7, imageframe : -1, -1, -1, 8, 0, 0, -1, -1, -1
1 ,0, 2, 7, imageframe : -1, -1, -1, 8, 0, 0, -1, -1, -1
1 ,0, 3, 7, imageframe : -1, -1, -1, -1, -1, -1, 10, 8, 2
1 ,0, 3, 3, imageframe : 10, 8, 3, -1, -1, -1, 10, 9, 2
1 ,0, 3, 3, imageframe : 10, 8, 3, -1, -1, -1, 10, 9, 2
1 ,0, 3, 3, imageframe : 10, 8, 3, -1, -1, -1, 10, 9, 2
1 ,0, 3, 3, imageframe : 10, 8, 3, -1, -1, -1, 10, 9, 2
1 ,0, 1, 3, imageframe : 10, 8, 3, -1, -1, -1, -1, -1, -1
1 ,0, 1, 3, imageframe : 10, 8, 3, -1, -1, -1, -1, -1, -1
1 ,0, 1, 3, imageframe : 10, 8, 3, -1, -1, -1, -1, -1, -1
1 ,0, 3, 3, imageframe : 10, 8, 3, -1, -1, -1, 10, 9, 2
1 ,0, 3, 3, imageframe : 10, 8, 3, -1, -1, -1, 10, 9, 2
1 ,0, 3, 3, imageframe : 10, 8, 3, -1, -1, -1, 10, 9, 2
1 ,0, 3, 3, imageframe : 10, 8, 3, -1, -1, -1, 10, 9, 2
1 ,0, 3, 3, imageframe : 10, 8, 3, -1, -1, -1, 10, 9, 2
1 ,0, 3, 3, imageframe : 10, 8, 3, -1, -1, -1, 10, 9, 2
1 ,0, 3, 3, imageframe : 10, 8, 3, -1, -1, -1, 10, 9, 2
1 ,0, 3, 3, imageframe : 10, 8, 3, -1, -1, -1, 10, 9, 2
1 ,0, 3, 3, imageframe : 10, 8, 3, -1, -1, -1, 10, 9, 2
1 ,0, 3, 3, imageframe : 10, 8, 3, -1, -1, -1, 10, 9, 2
1 ,0, 3, 3, imageframe : 10, 8, 3, -1, -1, -1, 10, 9, 2
1 ,0, 3, 3, imageframe : 10, 8, 3, -1, -1, -1, 10, 9, 2
1 ,0, 3, 7, imageframe : -1, -1, -1, -1, -1, -1, 10, 10, 2
1 ,0, 2, 7, imageframe : -1, -1, -1, 8, 0, 0, -1, -1, -1
1 ,0, 2, 7, imageframe : -1, -1, -1, 8, 0, 0, -1, -1, -1
1 ,0, 2, 7, imageframe : -1, -1, -1, 8, 0, 0, -1, -1, -1
1 ,0, 2, 7, imageframe : -1, -1, -1, 8, 0, 0, -1, -1, -1
1 ,0, 2, 7, imageframe : -1, -1, -1, 8, 0, 0, -1, -1, -1
1 ,0, 2, 7, imageframe : -1, -1, -1, 8, 0, 0, -1, -1, -1
1 ,0, 2, 7, imageframe : -1, -1, -1, 8, 0, 0, -1, -1, -1
1 ,0, 2, 7, imageframe : -1, -1, -1, 8, 0, 0, -1, -1, -1
1 ,0, 2, 7, imageframe : -1, -1, -1, 10, 8, 1, -1, -1, -1
1 ,0, 1, 3, imageframe : 10, 8, 3, -1, -1, -1, -1, -1, -1
1 ,0, 1, 3, imageframe : 10, 8, 3, -1, -1, -1, -1, -1, -1
1 ,0, 1, 3, imageframe : 10, 8, 3, -1, -1, -1, -1, -1, -1
1 ,0, 2, 7, imageframe : -1, -1, -1, 10, 10, 1, -1, -1, -1
1 ,0, 2, 7, imageframe : -1, -1, -1, 9, 5, 0, -1, -1, -1
1 ,0, 2, 7, imageframe : -1, -1, -1, 9, 5, 0, -1, -1, -1
1 ,0, 2, 7, imageframe : -1, -1, -1, 8, 0, 0, -1, -1, -1
1 ,0, 2, 7, imageframe : -1, -1, -1, 8, 0, 0, -1, -1, -1
1 ,0, 2, 7, imageframe : -1, -1, -1, 8, 0, 0, -1, -1, -1
1 ,0, 2, 7, imageframe : -1, -1, -1, 8, 0, 0, -1, -1, -1
1 ,0, 2, 7, imageframe : -1, -1, -1, 8, 0, 0, -1, -1, -1
1 ,0, 2, 7, imageframe : -1, -1, -1, 8, 0, 0, -1, -1, -1
1 ,0, 2, 7, imageframe : -1, -1, -1, 8, 0, 0, -1, -1, -1
1 ,0, 2, 7, imageframe : -1, -1, -1, 8, 0, 0, -1, -1, -1
1 ,0, 2, 7, imageframe : -1, -1, -1, 8, 0, 0, -1, -1, -1
1 ,0, 2, 7, imageframe : -1, -1, -1, 8, 0, 0, -1, -1, -1
1 ,0, 2, 7, imageframe : -1, -1, -1, 8, 0, 0, -1, -1, -1
1 ,0, 2, 7, imageframe : -1, -1, -1, 8, 0, 0, -1, -1, -1
1 ,0, 2, 7, imageframe : -1, -1, -1, 8, 0, 0, -1, -1, -1
1 ,0, 2, 7, imageframe : -1, -1, -1, 8, 0, 0, -1, -1, -1
1 ,0, 2, 7, imageframe : -1, -1, -1, 8, 0, 0, -1, -1, -1
1 ,0, 2, 7, imageframe : -1, -1, -1, 8, 0, 0, -1, -1, -1
1 ,0, 2, 7, imageframe : -1, -1, -1, 8, 0, 0, -1, -1, -1
1 ,0, 2, 7, imageframe : -1, -1, -1, 8, 0, 0, -1, -1, -1
1 ,0, 2, 7, imageframe : -1, -1, -1, 10, 8, 1, -1, -1, -1
1 ,0, 1, 3, imageframe : 10, 8, 3, -1, -1, -1, -1, -1, -1
1 ,0, 1, 3, imageframe : 10, 8, 3, -1, -1, -1, -1, -1, -1
1 ,0, 1, 3, imageframe : 10, 8, 3, -1, -1, -1, -1, -1, -1
1 ,0, 2, 7, imageframe : -1, -1, -1, 10, 10, 1, -1, -1, -1
1 ,0, 2, 7, imageframe : -1, -1, -1, 9, 5, 0, -1, -1, -1
1 ,0, 2, 7, imageframe : -1, -1, -1, 9, 5, 0, -1, -1, -1
1 ,0, 2, 7, imageframe : -1, -1, -1, 8, 0, 0, -1, -1, -1
1 ,0, 2, 7, imageframe : -1, -1, -1, 8, 0, 0, -1, -1, -1
1 ,0, 2, 7, imageframe : -1, -1, -1, 8, 0, 0, -1, -1, -1
1 ,0, 2, 7, imageframe : -1, -1, -1, 8, 0, 0, -1, -1, -1
1 ,0, 2, 7, imageframe : -1, -1, -1, 8, 0, 0, -1, -1, -1
1 ,0, 2, 7, imageframe : -1, -1, -1, 8, 0, 0, -1, -1, -1
1 ,0, 2, 7, imageframe : -1, -1, -1, 8, 0, 0, -1, -1, -1
1 ,0, 2, 7, imageframe : -1, -1, -1, 8, 0, 0, -1, -1, -1
1 ,0, 2, 7, imageframe : -1, -1, -1, 8, 0, 0, -1, -1, -1
1 ,0, 2, 7, imageframe : -1, -1, -1, 8, 0, 0, -1, -1, -1
1 ,0, 2, 7, imageframe : -1, -1, -1, 8, 0, 0, -1, -1, -1
1 ,0, 2, 7, imageframe : -1, -1, -1, 8, 0, 0, -1, -1, -1
tileMap_object_num : 0
